
 Start  Stop   Length Name               Class

 00000H 03B76H 03B77H _TEXT              CODE
 03B77H 042DBH 00765H CHKDSK_TEXT        CODE
 042DCH 04381H 000A6H CHKDRVR_TEXT       CODE
 04382H 043A7H 00026H CHKARGS_TEXT       CODE
 043A8H 04F9AH 00BF3H RDWRSECT_TEXT      CODE
 04F9BH 05EBCH 00F22H BOOT_TEXT          CODE
 05EBDH 063C9H 0050DH DIRECT_TEXT        CODE
 063CAH 0646CH 000A3H DRIVE_TEXT         CODE
 0646DH 07739H 012CDH FAT_TEXT           CODE
 0773AH 078B6H 0017DH FTEERR_TEXT        CODE
 078B7H 07EC0H 0060AH SUBDIR_TEXT        CODE
 07EC1H 082B1H 003F1H FSINFO_TEXT        CODE
 082B2H 083ECH 0013BH LOWFAT32_TEXT      CODE
 083EDH 08BD5H 007E9H BACKUP_TEXT        CODE
 08BD6H 08DB0H 001DBH VOLUME_TEXT        CODE
 08DB1H 08E38H 00088H LFN_TEXT           CODE
 08E39H 09290H 00458H WALKTREE_TEXT      CODE
 09291H 093C0H 00130H CPYSCT_TEXT        CODE
 093C1H 094EEH 0012EH DIRCNT_TEXT        CODE
 094EFH 099DFH 004F1H FNDCIDIR_TEXT      CODE
 099E0H 09BE9H 0020AH FNDCIFAT_TEXT      CODE
 09BEAH 09D6BH 00182H GTNTHCST_TEXT      CODE
 09D6CH 0A0E3H 00378H NTHENTRY_TEXT      CODE
 0A0E4H 0A3A7H 002C4H ADCPDIRS_TEXT      CODE
 0A3A8H 0AE0CH 00A65H FILECHN_TEXT       CODE
 0AE0DH 0AF22H 00116H FEXIST_TEXT        CODE
 0AF23H 0B28AH 00368H LOCPATH_TEXT       CODE
 0B28BH 0B549H 002BFH WALKWPTH_TEXT      CODE
 0B54AH 0BA5EH 00515H TRACEPTH_TEXT      CODE
 0BA5FH 0C0EBH 0068DH FREESPAC_TEXT      CODE
 0C0ECH 0DC39H 01B4EH VFILESYS_TEXT      CODE
 0DC3AH 0DE6FH 00236H WILDCARD_TEXT      CODE
 0DE70H 0E17CH 0030DH PATHCONV_TEXT      CODE
 0E17DH 0E471H 002F5H MKABSPTH_TEXT      CODE
 0E472H 0E593H 00122H SCTCACHE_TEXT      CODE
 0E594H 0E6FAH 00167H PHSCACHE_TEXT      CODE
 0E6FBH 0E8AEH 001B4H LOGCACHE_TEXT      CODE
 0E8AFH 0F988H 010DAH BLKCACHE_TEXT      CODE
 0F989H 0FB1AH 00192H XMS_TEXT           CODE
 0FB1BH 0FD81H 00267H WRTBACK_TEXT       CODE
 0FD82H 0FE42H 000C1H READ_TEXT          CODE
 0FE43H 0FEB6H 00074H WRITE_TEXT         CODE
 0FEB7H 0FFC9H 00113H FTEMEM_TEXT        CODE
 0FFCAH 10207H 0023EH BITFIELD_TEXT      CODE
 10208H 10572H 0036BH VFSBTFLD_TEXT      CODE
 10573H 10660H 000EEH VFSARRAY_TEXT      CODE
 10661H 107B3H 00153H LBLVALID_TEXT      CODE
 107B4H 10976H 001C3H DFATCHK_TEXT       CODE
 10977H 113A0H 00A2AH CROSSLNK_TEXT      CODE
 113A1H 11FCAH 00C2AH LOSTCLTS_TEXT      CODE
 11FCBH 12098H 000CEH FATSUM_TEXT        CODE
 12099H 124C0H 00428H FILESSUM_TEXT      CODE
 124C1H 12B58H 00698H SUMMARY_TEXT       CODE
 12B59H 12CEEH 00196H FSSTRING_TEXT      CODE
 12CEFH 12E59H 0016BH DESCIFAT_TEXT      CODE
 12E5AH 12F89H 00130H DESCCHK_TEXT       CODE
 12F8AH 131C5H 0023CH DTDTPNT_TEXT       CODE
 131C6H 13541H 0037CH DBLFILES_TEXT      CODE
 13542H 13ACBH 0058AH CHKLFNS_TEXT       CODE
 13ACCH 143BFH 008F4H CHKENTRS_TEXT      CODE
 143C0H 14969H 005AAH SCANFILS_TEXT      CODE
 1496AH 14C62H 002F9H SCNSBDRS_TEXT      CODE
 14C63H 14E19H 001B7H SCNRTDIR_TEXT      CODE
 14E1AH 15334H 0051BH INVCHAR_TEXT       CODE
 15335H 15492H 0015EH INVFCLST_TEXT      CODE
 15493H 15C61H 007CFH FSTTRMAP_TEXT      CODE
 15C62H 165EBH 0098AH INTELWLK_TEXT      CODE
 165ECH 16885H 0029AH DEFRFACT_TEXT      CODE
 16886H 17378H 00AF3H SURFACE_TEXT       CODE
 17379H 173FAH 00082H CHKMSGS_TEXT       CODE
 173FBH 1759BH 001A1H PRINTBUF_TEXT      CODE
 175A0H 175A0H 00000H _FARDATA           FAR_DATA
 175A0H 175A0H 00000H _OVERLAY_          OVRINFO
 175A0H 175B1H 00012H _INIT_             INITDATA
 175B2H 175B2H 00000H _INITEND_          INITDATA
 175B2H 175B2H 00000H _EXIT_             EXITDATA
 175B2H 175B2H 00000H _EXITEND_          EXITDATA
 175C0H 175C0H 00000H _1STUB_            STUBSEG
 175C0H 196E3H 02124H _DATA              DATA
 196E4H 196E4H 00000H _CVTSEG            DATA
 196E4H 196E4H 00000H _SCNSEG            DATA
 196E4H 196FAH 00017H XMS_DATA           DATA
 196FCH 1ABA9H 014AEH _BSS               BSS
 1ABAAH 1ABAAH 00000H _BSSEND            ENDBSS
 1ABB0H 1AC2FH 00080H _STACK             STACK
 1AC30H 1AC37H 00008H SWITCHCH_TEXT      

  Address         Publics by Name

 175C:0000       DATASEG@
 0000:0206       DGROUP@
 0000:3856       F_LDIV@
 0000:3865       F_LMOD@
 0000:385D       F_LUDIV@
 0000:386D       F_LUMOD@
 0000:3904       F_LXLSH@
 0000:383C       F_LXMUL@
 0000:3925       F_LXURSH@
 0000:3946       F_PADD@
 0000:3975       F_PSUB@
 0000:39A6       F_SCOPY@
 0000:3856       LDIV@
 0000:3865       LMOD@
 0000:385D       LUDIV@
 0000:386D       LUMOD@
 0000:3904       LXLSH@
 0000:383C       LXMUL@
 0000:3925       LXURSH@
 0000:3853       N_LDIV@
 0000:3862       N_LMOD@
 0000:385A       N_LUDIV@
 0000:386A       N_LUMOD@
 0000:3901       N_LXLSH@
 0000:39C2       N_LXMUL@
 0000:3922       N_LXURSH@
 0000:3943       N_PADD@
 0000:39D9       N_PCMP@
 0000:3972       N_PSUB@
 0000:39A3       N_SCOPY@
 0000:3946       PADD@
 0000:3975       PSUB@
 0000:39A6       SCOPY@
 0000:01F0       _abort
 0000:214F       _absread
 0000:21B6       _abswrite
 0000:020A       _access
 0A0E:0004       _AdaptCurrentAndPreviousDirs
 0A3A:03A8       _AddDirectory
 0B54:00B8       _AddToFrontOfString
 0FEB:00BD       _AllocateBootSector
 0FEB:00DC       _AllocateDirectoryEntry
 0FEB:00FB       _AllocateFSInfo
 0FEB:0086       _AllocateSector
 0FEB:0097       _AllocateSectors
 0000:0506       _asctime
 0000:0271       _atexit
 0000:2292       _atoi
 0000:221D       _atol
 083E:000D       _BackupBoot
 083E:0748       _BackupFat
 0E47:00E6       _CacheActive
 0E8A:01DF       _CacheBlockSector
 0E47:004C       _CacheIsCorrupt
 0E47:005B       _CacheSector
 0BA5:05F3       _CalculateFreeSpace
 04F9:0D86       _CalculateNewSerialNumber
 08DB:0001       _CalculateSFNCheckSum
 0000:22A3       _chdir
 12CE:000F       _CheckDescriptorInFat
 13AC:000C       _CheckDirectoryEntries
 131C:00DC       _CheckDirectoryForDoubles
 12F8:0049       _CheckDirectoryForInvalidDblDots
 1496:00A4       _CheckEntriesInCluster
 14E1:0049       _CheckEntryForInvalidChars
 1066:0001       _CheckFatLabelValidity
 1533:003D       _CheckFirstCluster
 07EC:00FD       _CheckFSInfo
 12B5:0009       _CheckFSString
 1354:004D       _CheckLFNInDirectory
 042D:000C       _CheckVolume
 0FFC:0117       _ClearBitfieldBit
 0773:001D       _ClearFTEerror
 1020:015C       _ClearVFSBitfieldBit
 0000:029E       _close
 0E6F:00B4       _CloseLogicalCache
 0E8A:01B7       _ClosePerBlockCaching
 0E59:0087       _ClosePhysicalCache
 043A:0B9A       _CloseReadWriteSectors
 0E47:000F       _CloseSectorCache
 0E47:010E       _CommitCache
 1549:004E       _CompressFastTreeMap
 0DE7:023F       _ConvertEntryPath
 113A:0091       _ConvertLostClustersToFiles
 0646:02E8       _ConvertToDataSector
 0DE7:0000       _ConvertUserPath
 0929:0001       _CopySectors
 12B5:00B8       _CorrectFSString
 0FFC:000A       _CreateBitField
 1549:0003       _CreateFastTreeMap
 0A3A:0008       _CreateFileChain
 1057:0003       _CreateVFSArray
 1020:0008       _CreateVFSBitField
 0C0E:000C       _CreateVirtualFile
 0000:055F       _ctime
 0646:0214       _DataSectorToCluster
 175C:209A       _daylight
 0E8A:0F0F       _DBGLogDelim
 0E8A:0EBF       _DBGLogSector
 175C:0CD4       _DBG_A
 175C:0CD8       _DBG_B
 175C:0CDC       _DBG_C
 175C:0CE0       _DBG_D
 175C:0CC8       _DBG_HITS
 175C:0CD0       _DBG_TOTAL
 175C:0CCC       _DBG_WRITES
 0C0E:00D3       _DeleteVirtualFile
 12E5:000A       _DescriptorCheck
 0FFC:0094       _DestroyBitfield
 1496:01CB       _DestroyClusterEntryChecking
 1097:08DE       _DestroyClusterReferenceList
 12F8:011C       _DestroyDblDotChecking
 131C:029F       _DestroyDblNameChecking
 094E:00B9       _DestroyDirReferedTable
 1549:0164       _DestroyFastTreeMap
 099E:00FA       _DestroyFatReferedTable
 1533:014C       _DestroyFirstClusterChecking
 14E1:043B       _DestroyInvalidCharChecking
 1354:0302       _DestroyLFNChecking
 1057:0067       _DestroyVFSArray
 1020:009F       _DestroyVFSBitfield
 04F9:08C1       _DetermineFATType
 175C:1858       _DirectoryChecks
 078B:04B9       _DirectoryEquals
 0FD8:0002       _disk_read
 0FD8:004F       _disk_read_ext
 0FE4:0003       _disk_write_ext
 0000:1B53       _dostounix
 0F98:010F       _DOStoXMSmove
 0E8A:0F5F       _DumpCache
 0E6F:00E1       _EnsureBlockMapped
 0C0E:0743       _EnsureClusterFree
 0C0E:0763       _EnsureClustersFree
 05EB:0395       _EntryLength
 175C:2120       _environ
 175C:007D       _errno
 0000:0CDE       _exit
 082B:0002       _ExtendedAbsReadWrite
 0A3A:011A       _ExtendFileChain
 0000:357E       _farfree
 0000:366E       _farmalloc
 0000:37CE       _farrealloc
 175C:1A14       _FastTreeLen
 1549:0538       _FastWalkDirectoryTree
 0000:0E2F       _fclose
 0000:1233       _fdopen
 0000:0EDE       _fflush
 0646:09BC       _FileTraverseFat
 094E:024E       _FindClusterInDirectories
 099E:01C2       _FindClusterInFAT
 1097:0007       _FindCrossLinkedFiles
 0BA5:0396       _FindFirstFittingFreeSpace
 0BA5:000F       _FindFirstFreeSpace
 0BA5:041A       _FindLastFreeCluster
 113A:0001       _FindLostClusters
 0BA5:018C       _FindNextFreeSpace
 0B54:01C5       _FindPointingPosition
 13AC:010C       _FixDirectoryEntries
 042D:0052       _FixVolume
 0000:0FAE       _flushall
 0000:11C8       _fopen
 0000:1275       _fprintf
 0000:14D4       _fputc
 0000:1630       _fputchar
 0000:357E       _free
 0FEB:00CB       _FreeBootSector
 0FEB:00EA       _FreeDirectoryEntry
 0FEB:0109       _FreeFSInfo
 0FEB:00AC       _FreeSectors
 0000:11FA       _freopen
 0000:1315       _fseek
 0FEB:0007       _FTEAlloc
 0FEB:004F       _FTEFree
 0000:1395       _ftell
 04F9:0553       _GetBiosDriveNumber
 04F9:0815       _GetBPBFileSystemString
 04F9:0769       _GetBPBVolumeLabel
 0646:118C       _GetBytesInFat
 04F9:045C       _GetClustersInDataArea
 0000:2309       _getcurdir
 0000:13E5       _getcwd
 0646:00B8       _GetDataAreaStart
 0000:1471       _getdate
 0000:23C9       _getdfree
 078B:03D5       _GetDirectory
 05EB:000D       _GetDirectoryStart
 0000:22BB       _getdisk
 04F9:06C1       _GetDiskSerialNumber
 0000:2326       _getenv
 0000:23AB       _getfat
 04F9:0B7B       _GetFAT32BackupBootSector
 04F9:0AB5       _GetFAT32RootCluster
 082B:00B0       _GetFAT32SectorSize
 04F9:0A0B       _GetFAT32Version
 0000:2396       _getfatd
 0646:0021       _GetFatLabelSize
 0646:000D       _GetFatStart
 11FC:000B       _GetFATSummary
 173F:000B       _GetFilePrintBuffer
 1209:0009       _GetFilesSummary
 05EB:033E       _GetFirstCluster
 0E8A:08B3       _GetFirstDirtyTag
 0773:00C2       _GetFirstFTEError
 07EC:01D8       _GetFreeClusterSearchStart
 0BA5:054C       _GetFreeDiskSpace
 04F9:0B1B       _GetFSInfoSector
 0773:000A       _GetFTEerror
 04F9:050C       _GetLabelsInFat
 0C0E:1AB6       _GetMaxRelocatableSize
 04F9:035B       _GetMediaDescriptor
 173F:0015       _GetMessageBuffer
 0773:00E9       _GetNextFTEError
 09BE:000A       _GetNthCluster
 09D6:000C       _GetNthDirectoryPosition
 09D6:01C8       _GetNthDirectorySector
 09D6:0246       _GetNthSubDirectoryPosition
 04F9:02F9       _GetNumberOfFats
 07EC:02DD       _GetNumberOfFreeClusters
 04F9:032A       _GetNumberOfRootEntries
 04F9:038C       _GetNumberOfSectors
 0E17:000D       _GetPreviousDir
 0BA5:04C3       _GetPreviousFreeCluster
 04F9:042B       _GetReadWriteHeads
 043A:0BE3       _GetReadWriteModus
 04F9:02C8       _GetReservedSectors
 05EB:0215       _GetRootDirPosition
 08BD:0006       _GetRootDirVolumeLabel
 04F9:0291       _GetSectorsPerCluster
 04F9:03C3       _GetSectorsPerFat
 04F9:03FA       _GetSectorsPerTrack
 0B54:000A       _GetSurroundingCluster
 0B54:035A       _GetSurroundingFile
 0000:1484       _gettime
 1057:00B7       _GetVFSArray
 1020:0209       _GetVFSBitfieldBit
 0C0E:0104       _GetVirtualFileSpaceUsed
 0000:04B5       _gmtime
 063C:000A       _HasAllFloppyForm
 063C:0075       _HasFloppyForm
 0438:001D       _IndicateAllFileListing
 094E:034E       _IndicateDirClusterMoved
 094E:02D1       _IndicateDirEntryMoved
 1549:07BF       _IndicateTreeIncomplete
 04F9:0C4D       _IndicateVolumeDataFilled
 04F9:0C25       _IndicateVolumeDataFilled_NT
 1496:000A       _InitClusterEntryChecking
 12F8:000A       _InitDblDotChecking
 131C:0006       _InitDblNameChecking
 1533:0005       _InitFirstClusterChecking
 0E6F:000B       _InitialiseLogicalCache
 0E8A:0122       _InitialisePerBlockCaching
 0E59:0004       _InitialisePhysicalCache
 14E1:000A       _InitInvalidCharChecking
 1354:0002       _InitLFNChecking
 043A:0B68       _InitReadSectors
 043A:0B36       _InitReadWriteSectors
 0E47:0002       _InitSectorCache
 0FB1:000B       _InstallWriteFunction
 0000:23EB       _int86
 0000:241C       _int86x
 0000:24B5       _intdos
 0000:24E3       _intdosx
 15C6:0002       _IntelligentWalkDirectoryTree
 0E8A:0854       _InvalidateBlockCache
 04F9:027E       _InvalidateBootInfo
 0E47:00D3       _InvalidateCache
 0646:117E       _InvalidateFatCache
 0000:2543       _ioctl
 0000:25A9       _isatty
 0C0E:0623       _IsClusterUsed
 0438:0002       _IsInteractive
 0646:11BB       _IsLabelValid
 0646:1263       _IsLabelValidInFile
 05EB:027C       _IsRootDirPosition
 1549:07CA       _IsTreeIncomplete
 04F9:0697       _IsVolumeDataFilled
 04F9:06AC       _IsVolumeDataFilled_NT
 043A:0BEF       _IsWorkingOnImageFile
 0000:2665       _itoa
 175C:0530       _LastReadBufferSector
 0646:0707       _LinearTraverseFat
 0000:04CE       _localtime
 0AF2:0003       _LocateFilePosition
 0AF2:0177       _LocatePathPosition
 05EB:03D8       _LocatePreviousDir
 0AF2:019C       _LocateRelPathPosition
 0E47:0020       _LockSectorCache
 0AE0:000D       _LoFileNameExists
 175C:269C       _LogicalBlocks
 093C:00C7       _low_dircount
 0000:25BA       _lseek
 0000:26AC       _ltoa
 03B7:0007       _main
 0E17:01A3       _MakeAbsolutePath
 1066:004F       _MakeFatLabelsValid
 0000:3664       _malloc
 1549:00C4       _MarkDirectoryEntry
 0DC3:000A       _MatchWildcard
 0000:26D4       _memcmp
 0000:26FC       _memcpy
 0000:27B5       _memmove
 0000:2744       _memset
 0000:0707       _mktime
 0000:2763       _movmem
 083E:00FD       _MultipleBootCheck
 107B:0004       _MultipleFatCheck
 0438:000A       _MustListAllFiles
 175C:26DC       _NumberOfPhysicalBlocks
 0000:2803       _open
 1496:01FF       _PerformEntryChecks
 14C6:0003       _PerformRootDirChecks
 12CE:00A3       _PlaceDescriptorInFat
 09D6:0150       _positiongetter
 12F8:00FE       _PostProcesDblDotChecking
 131C:0281       _PostProcesDblNameChecking
 1533:012E       _PostProcesFirstClusterChecking
 14E1:041D       _PostProcesInvalidCharChecking
 1354:02A1       _PostProcesLFNChecking
 1496:0179       _PostProcessClusterEntryChecking
 0C0E:1718       _PrepareVirtualFile
 12F8:0024       _PreProcesDblDotChecking
 131C:00B8       _PreProcesDblNameChecking
 1533:001F       _PreProcesFirstClusterChecking
 14E1:0024       _PreProcesInvalidCharChecking
 1354:001C       _PreProcesLFNChecking
 1496:0052       _PreProcessClusterEntryChecking
 0000:1497       _printf
 165E:000C       _PrintFileDefragFactors
 04F9:05EA       _PrivateIsVolumeDataFilled
 0000:17EF       _puts
 0000:29A1       _read
 04F9:0129       _ReadBootSector
 04F9:0203       _ReadBootSectorIfNeeded
 05EB:00DA       _ReadDirEntry
 0646:0C2C       _ReadFatLabel
 07EC:0001       _ReadFSInfo
 043A:03CE       _ReadSectors
 043A:0644       _ReadSectorsAddress
 0C0E:0403       _ReadVirtualFile
 0000:37C7       _realloc
 0E59:009D       _RemapXMSBlock
 1737:0073       _ReportFileName
 1737:0009       _ReportFileSysError
 1737:0032       _ReportFileSysWarning
 1737:005B       _ReportGeneralRemark
 124C:0001       _ReportVolumeSummary
 0E8A:0598       _RetreiveBlockSector
 0E47:008B       _RetreiveCachedSector
 14C6:0141       _RootDirChecker
 143C:0000       _ScanFileChain
 1688:0006       _ScanSurface
 0000:2A7B       _segread
 0FFC:00AE       _SetBitfieldBit
 0000:2A9B       _setblock
 0000:2AB7       _setdate
 0000:22C1       _setdisk
 05EB:0357       _SetFirstCluster
 0773:0012       _SetFTEerror
 0438:0012       _SetInteractive
 0000:2720       _setmem
 0000:2ACC       _settime
 0000:18B4       _setvbuf
 1057:007D       _SetVFSArray
 1020:00B1       _SetVFSBitfieldBit
 173F:0094       _ShowClusterViolation
 173F:001F       _ShowDirectoryViolation
 173F:0104       _ShowFileNameViolation
 173F:0146       _ShowParentViolation
 1097:001D       _SplitCrossLinkedFiles
 0000:1A13       _sprintf
 0E47:0036       _StartSectorCache
 0000:1A56       _stime
 0E47:0041       _StopSectorCache
 0000:2AE1       _strcat
 0000:2B20       _strchr
 0000:2B5D       _strcpy
 0000:0767       _strftime
 0000:2B86       _strlen
 0000:2BA5       _strncpy
 0000:2BD6       _strnicmp
 0000:1AEE       _strrchr
 09D6:02A0       _SubdirGetter
 078B:0007       _SubdirTraverser
 0FFC:0182       _SwapBitfieldBits
 1020:0291       _SwapVFSBitfieldBits
 1AC3:0000       _SwitchChar
 083E:077A       _SynchronizeFATs
 0000:1B39       _tell
 175C:0090       _TheChecks
 0000:1A96       _time
 175C:2096       _timezone
 0000:1EEA       _tmpnam
 0000:1F31       _toupper
 0B54:0404       _TraceClusterPathName
 0B54:0212       _TraceFullPathName
 0B54:0469       _TracePreviousDir
 0773:0028       _TrackFTEError
 078B:0114       _TraverseRootDir
 078B:0321       _TraverseSubdir
 175C:208E       _tzname
 0000:2C1A       _tzset
 0000:268F       _ultoa
 0E8A:0707       _UncacheBlockSector
 0E47:00B4       _UncacheSector
 0FB1:00D2       _UninstallWriteFunction
 0000:1C80       _unixtodos
 0000:2EE5       _unlink
 0E47:002B       _UnlockSectorCache
 0773:0134       _UntrackFTEErrors
 175C:2350       _VirtualDirectory
 0000:1A35       _vsprintf
 08E3:0009       _WalkDirectoryTree
 0B28:000B       _WalkWildcardPath
 0000:1F5D       _write
 0E8A:0DAD       _WriteBackCache
 0FB1:01B4       _WriteBackSectors
 04F9:0D20       _WriteBiosDriveNumber
 04F9:017C       _WriteBootSector
 04F9:0E73       _WriteBPBFileSystemString
 04F9:0DFC       _WriteBPBVolumeLabel
 078B:04E1       _WriteDirectory
 05EB:01C3       _WriteDirEntry
 04F9:0D4C       _WriteDiskSerialNumber
 04F9:0F1E       _WriteFAT32BackupBootSector
 04F9:0EF9       _WriteFAT32RootCluster
 04F9:0EEA       _WriteFAT32Version
 0646:0DA3       _WriteFatLabel
 099E:0124       _WriteFatReference
 07EC:03B5       _WriteFreeClusterCount
 07EC:0378       _WriteFreeClusterStart
 07EC:007D       _WriteFSInfo
 04F9:0F0F       _WriteFSInfoSector
 175C:26E8       _WriteFuncs
 04F9:0CB1       _WriteMediaDescriptor
 04F9:0CA2       _WriteNumberOfFats
 04F9:0C75       _WriteNumberOfRootEntries
 04F9:0CC0       _WriteNumberOfSectors
 04F9:0D11       _WriteReadWriteHeads
 04F9:0C93       _WriteReservedSectors
 043A:0693       _WriteSectors
 04F9:0C84       _WriteSectorsPerCluster
 04F9:0CCF       _WriteSectorsPerFat
 04F9:0D02       _WriteSectorsPerTrack
 0C0E:01DD       _WriteVirtualFile
 0F98:0009       _XMMinit
 0F98:0081       _XMSalloc
 0F98:0056       _XMScoreleft
 0F98:00C7       _XMSfree
 0F98:0009       _XMSinit
 0F98:0155       _XMStoDOSmove
 0000:1000  Abs  __AHINCR
 0000:000C  Abs  __AHSHIFT
 175C:2110       __argc
 175C:2112       __argv
 175C:1B54       __atexitcnt
 175C:3522       __atexittbl
 0000:0D83       __brk
 175C:0087       __brklvl
 175C:0069       __C0argc
 175C:006B       __C0argv
 175C:006F       __C0environ
 0000:22CE       __chmod
 0000:22EB       __close
 175C:1D2C       __ctype
 175C:2018       __doserrno
 175C:201A       __dosErrorToSV
 175C:0073       __envLng
 175C:0075       __envseg
 175C:0077       __envSize
 0000:011A       __exit
 175C:1E2E       __exitbuf
 0000:00FA       __exitclean
 175C:1E32       __exitfopen
 175C:1E36       __exitopen
 175C:1FF4       __fmode
 0000:14B2       __fputc
 0000:1647       __FPUTN
 175C:0083       __heapbase
 175C:008B       __heaptop
 175C:0059       __Int0Vector
 175C:005D       __Int4Vector
 175C:0061       __Int5Vector
 175C:0065       __Int6Vector
 0000:256C       __IOERROR
 0000:2E06       __ISDST
 0000:25E3       __LONGTOA
 0000:1E84       __MKNAME
 0000:0208       __MMODEL
 175C:2074       __monthDay
 175C:1FF6       __notUmask
 0000:2953       __open
 175C:1FCC       __openfd
 175C:007B       __osmajor
 175C:007C       __osminor
 175C:0079       __psp
 0000:2A5F       __read
 0000:39FA       __REALCVT
 175C:2124       __RealCvtVector
 0000:0178       __restorezero
 0000:0DC2       __sbrk
 175C:2124       __ScanTodVector
 0000:0000  Abs  __setargv__
 0000:0000  Abs  __setenvp__
 0000:183B       __setupio
 175C:007F       __StartTime
 175C:1FFE       __stklen
 175C:1E3C       __streams
 175C:35D0       __tmpnum
 175C:007B       __version
 0000:2F15       __VPRINTER
 0000:33ED       __write
 0000:208A       __xfclose
 0000:20C4       __xfflush
 0000:0245       ___assertfail
 0000:3440       ___first
 0000:3442       ___last
 0000:3444       ___rover

  Address         Publics by Value

 0000:0000  Abs  __setargv__
 0000:0000  Abs  __setenvp__
 0000:000C  Abs  __AHSHIFT
 0000:1000  Abs  __AHINCR
 0000:00FA       __exitclean
 0000:011A       __exit
 0000:0178       __restorezero
 0000:01F0       _abort
 0000:0206       DGROUP@
 0000:0208       __MMODEL
 0000:020A       _access
 0000:0245       ___assertfail
 0000:0271       _atexit
 0000:029E       _close
 0000:04B5       _gmtime
 0000:04CE       _localtime
 0000:0506       _asctime
 0000:055F       _ctime
 0000:0707       _mktime
 0000:0767       _strftime
 0000:0CDE       _exit
 0000:0D83       __brk
 0000:0DC2       __sbrk
 0000:0E2F       _fclose
 0000:0EDE       _fflush
 0000:0FAE       _flushall
 0000:11C8       _fopen
 0000:11FA       _freopen
 0000:1233       _fdopen
 0000:1275       _fprintf
 0000:1315       _fseek
 0000:1395       _ftell
 0000:13E5       _getcwd
 0000:1471       _getdate
 0000:1484       _gettime
 0000:1497       _printf
 0000:14B2       __fputc
 0000:14D4       _fputc
 0000:1630       _fputchar
 0000:1647       __FPUTN
 0000:17EF       _puts
 0000:183B       __setupio
 0000:18B4       _setvbuf
 0000:1A13       _sprintf
 0000:1A35       _vsprintf
 0000:1A56       _stime
 0000:1A96       _time
 0000:1AEE       _strrchr
 0000:1B39       _tell
 0000:1B53       _dostounix
 0000:1C80       _unixtodos
 0000:1E84       __MKNAME
 0000:1EEA       _tmpnam
 0000:1F31       _toupper
 0000:1F5D       _write
 0000:208A       __xfclose
 0000:20C4       __xfflush
 0000:214F       _absread
 0000:21B6       _abswrite
 0000:221D       _atol
 0000:2292       _atoi
 0000:22A3       _chdir
 0000:22BB       _getdisk
 0000:22C1       _setdisk
 0000:22CE       __chmod
 0000:22EB       __close
 0000:2309       _getcurdir
 0000:2326       _getenv
 0000:2396       _getfatd
 0000:23AB       _getfat
 0000:23C9       _getdfree
 0000:23EB       _int86
 0000:241C       _int86x
 0000:24B5       _intdos
 0000:24E3       _intdosx
 0000:2543       _ioctl
 0000:256C       __IOERROR
 0000:25A9       _isatty
 0000:25BA       _lseek
 0000:25E3       __LONGTOA
 0000:2665       _itoa
 0000:268F       _ultoa
 0000:26AC       _ltoa
 0000:26D4       _memcmp
 0000:26FC       _memcpy
 0000:2720       _setmem
 0000:2744       _memset
 0000:2763       _movmem
 0000:27B5       _memmove
 0000:2803       _open
 0000:2953       __open
 0000:29A1       _read
 0000:2A5F       __read
 0000:2A7B       _segread
 0000:2A9B       _setblock
 0000:2AB7       _setdate
 0000:2ACC       _settime
 0000:2AE1       _strcat
 0000:2B20       _strchr
 0000:2B5D       _strcpy
 0000:2B86       _strlen
 0000:2BA5       _strncpy
 0000:2BD6       _strnicmp
 0000:2C1A       _tzset
 0000:2E06       __ISDST
 0000:2EE5       _unlink
 0000:2F15       __VPRINTER
 0000:33ED       __write
 0000:3440       ___first
 0000:3442       ___last
 0000:3444       ___rover
 0000:357E       _free
 0000:357E       _farfree
 0000:3664       _malloc
 0000:366E       _farmalloc
 0000:37C7       _realloc
 0000:37CE       _farrealloc
 0000:383C       F_LXMUL@
 0000:383C       LXMUL@
 0000:3853       N_LDIV@
 0000:3856       LDIV@
 0000:3856       F_LDIV@
 0000:385A       N_LUDIV@
 0000:385D       F_LUDIV@
 0000:385D       LUDIV@
 0000:3862       N_LMOD@
 0000:3865       F_LMOD@
 0000:3865       LMOD@
 0000:386A       N_LUMOD@
 0000:386D       F_LUMOD@
 0000:386D       LUMOD@
 0000:3901       N_LXLSH@
 0000:3904       F_LXLSH@
 0000:3904       LXLSH@
 0000:3922       N_LXURSH@
 0000:3925       F_LXURSH@
 0000:3925       LXURSH@
 0000:3943       N_PADD@
 0000:3946       F_PADD@
 0000:3946       PADD@
 0000:3972       N_PSUB@
 0000:3975       F_PSUB@
 0000:3975       PSUB@
 0000:39A3       N_SCOPY@
 0000:39A6       F_SCOPY@
 0000:39A6       SCOPY@
 0000:39C2       N_LXMUL@
 0000:39D9       N_PCMP@
 0000:39FA       __REALCVT
 03B7:0007       _main
 042D:000C       _CheckVolume
 042D:0052       _FixVolume
 0438:0002       _IsInteractive
 0438:000A       _MustListAllFiles
 0438:0012       _SetInteractive
 0438:001D       _IndicateAllFileListing
 043A:03CE       _ReadSectors
 043A:0644       _ReadSectorsAddress
 043A:0693       _WriteSectors
 043A:0B36       _InitReadWriteSectors
 043A:0B68       _InitReadSectors
 043A:0B9A       _CloseReadWriteSectors
 043A:0BE3       _GetReadWriteModus
 043A:0BEF       _IsWorkingOnImageFile
 04F9:0129       _ReadBootSector
 04F9:017C       _WriteBootSector
 04F9:0203       _ReadBootSectorIfNeeded
 04F9:027E       _InvalidateBootInfo
 04F9:0291       _GetSectorsPerCluster
 04F9:02C8       _GetReservedSectors
 04F9:02F9       _GetNumberOfFats
 04F9:032A       _GetNumberOfRootEntries
 04F9:035B       _GetMediaDescriptor
 04F9:038C       _GetNumberOfSectors
 04F9:03C3       _GetSectorsPerFat
 04F9:03FA       _GetSectorsPerTrack
 04F9:042B       _GetReadWriteHeads
 04F9:045C       _GetClustersInDataArea
 04F9:050C       _GetLabelsInFat
 04F9:0553       _GetBiosDriveNumber
 04F9:05EA       _PrivateIsVolumeDataFilled
 04F9:0697       _IsVolumeDataFilled
 04F9:06AC       _IsVolumeDataFilled_NT
 04F9:06C1       _GetDiskSerialNumber
 04F9:0769       _GetBPBVolumeLabel
 04F9:0815       _GetBPBFileSystemString
 04F9:08C1       _DetermineFATType
 04F9:0A0B       _GetFAT32Version
 04F9:0AB5       _GetFAT32RootCluster
 04F9:0B1B       _GetFSInfoSector
 04F9:0B7B       _GetFAT32BackupBootSector
 04F9:0C25       _IndicateVolumeDataFilled_NT
 04F9:0C4D       _IndicateVolumeDataFilled
 04F9:0C75       _WriteNumberOfRootEntries
 04F9:0C84       _WriteSectorsPerCluster
 04F9:0C93       _WriteReservedSectors
 04F9:0CA2       _WriteNumberOfFats
 04F9:0CB1       _WriteMediaDescriptor
 04F9:0CC0       _WriteNumberOfSectors
 04F9:0CCF       _WriteSectorsPerFat
 04F9:0D02       _WriteSectorsPerTrack
 04F9:0D11       _WriteReadWriteHeads
 04F9:0D20       _WriteBiosDriveNumber
 04F9:0D4C       _WriteDiskSerialNumber
 04F9:0D86       _CalculateNewSerialNumber
 04F9:0DFC       _WriteBPBVolumeLabel
 04F9:0E73       _WriteBPBFileSystemString
 04F9:0EEA       _WriteFAT32Version
 04F9:0EF9       _WriteFAT32RootCluster
 04F9:0F0F       _WriteFSInfoSector
 04F9:0F1E       _WriteFAT32BackupBootSector
 05EB:000D       _GetDirectoryStart
 05EB:00DA       _ReadDirEntry
 05EB:01C3       _WriteDirEntry
 05EB:0215       _GetRootDirPosition
 05EB:027C       _IsRootDirPosition
 05EB:033E       _GetFirstCluster
 05EB:0357       _SetFirstCluster
 05EB:0395       _EntryLength
 05EB:03D8       _LocatePreviousDir
 063C:000A       _HasAllFloppyForm
 063C:0075       _HasFloppyForm
 0646:000D       _GetFatStart
 0646:0021       _GetFatLabelSize
 0646:00B8       _GetDataAreaStart
 0646:0214       _DataSectorToCluster
 0646:02E8       _ConvertToDataSector
 0646:0707       _LinearTraverseFat
 0646:09BC       _FileTraverseFat
 0646:0C2C       _ReadFatLabel
 0646:0DA3       _WriteFatLabel
 0646:117E       _InvalidateFatCache
 0646:118C       _GetBytesInFat
 0646:11BB       _IsLabelValid
 0646:1263       _IsLabelValidInFile
 0773:000A       _GetFTEerror
 0773:0012       _SetFTEerror
 0773:001D       _ClearFTEerror
 0773:0028       _TrackFTEError
 0773:00C2       _GetFirstFTEError
 0773:00E9       _GetNextFTEError
 0773:0134       _UntrackFTEErrors
 078B:0007       _SubdirTraverser
 078B:0114       _TraverseRootDir
 078B:0321       _TraverseSubdir
 078B:03D5       _GetDirectory
 078B:04B9       _DirectoryEquals
 078B:04E1       _WriteDirectory
 07EC:0001       _ReadFSInfo
 07EC:007D       _WriteFSInfo
 07EC:00FD       _CheckFSInfo
 07EC:01D8       _GetFreeClusterSearchStart
 07EC:02DD       _GetNumberOfFreeClusters
 07EC:0378       _WriteFreeClusterStart
 07EC:03B5       _WriteFreeClusterCount
 082B:0002       _ExtendedAbsReadWrite
 082B:00B0       _GetFAT32SectorSize
 083E:000D       _BackupBoot
 083E:00FD       _MultipleBootCheck
 083E:0748       _BackupFat
 083E:077A       _SynchronizeFATs
 08BD:0006       _GetRootDirVolumeLabel
 08DB:0001       _CalculateSFNCheckSum
 08E3:0009       _WalkDirectoryTree
 0929:0001       _CopySectors
 093C:00C7       _low_dircount
 094E:00B9       _DestroyDirReferedTable
 094E:024E       _FindClusterInDirectories
 094E:02D1       _IndicateDirEntryMoved
 094E:034E       _IndicateDirClusterMoved
 099E:00FA       _DestroyFatReferedTable
 099E:0124       _WriteFatReference
 099E:01C2       _FindClusterInFAT
 09BE:000A       _GetNthCluster
 09D6:000C       _GetNthDirectoryPosition
 09D6:0150       _positiongetter
 09D6:01C8       _GetNthDirectorySector
 09D6:0246       _GetNthSubDirectoryPosition
 09D6:02A0       _SubdirGetter
 0A0E:0004       _AdaptCurrentAndPreviousDirs
 0A3A:0008       _CreateFileChain
 0A3A:011A       _ExtendFileChain
 0A3A:03A8       _AddDirectory
 0AE0:000D       _LoFileNameExists
 0AF2:0003       _LocateFilePosition
 0AF2:0177       _LocatePathPosition
 0AF2:019C       _LocateRelPathPosition
 0B28:000B       _WalkWildcardPath
 0B54:000A       _GetSurroundingCluster
 0B54:00B8       _AddToFrontOfString
 0B54:01C5       _FindPointingPosition
 0B54:0212       _TraceFullPathName
 0B54:035A       _GetSurroundingFile
 0B54:0404       _TraceClusterPathName
 0B54:0469       _TracePreviousDir
 0BA5:000F       _FindFirstFreeSpace
 0BA5:018C       _FindNextFreeSpace
 0BA5:0396       _FindFirstFittingFreeSpace
 0BA5:041A       _FindLastFreeCluster
 0BA5:04C3       _GetPreviousFreeCluster
 0BA5:054C       _GetFreeDiskSpace
 0BA5:05F3       _CalculateFreeSpace
 0C0E:000C       _CreateVirtualFile
 0C0E:00D3       _DeleteVirtualFile
 0C0E:0104       _GetVirtualFileSpaceUsed
 0C0E:01DD       _WriteVirtualFile
 0C0E:0403       _ReadVirtualFile
 0C0E:0623       _IsClusterUsed
 0C0E:0743       _EnsureClusterFree
 0C0E:0763       _EnsureClustersFree
 0C0E:1718       _PrepareVirtualFile
 0C0E:1AB6       _GetMaxRelocatableSize
 0DC3:000A       _MatchWildcard
 0DE7:0000       _ConvertUserPath
 0DE7:023F       _ConvertEntryPath
 0E17:000D       _GetPreviousDir
 0E17:01A3       _MakeAbsolutePath
 0E47:0002       _InitSectorCache
 0E47:000F       _CloseSectorCache
 0E47:0020       _LockSectorCache
 0E47:002B       _UnlockSectorCache
 0E47:0036       _StartSectorCache
 0E47:0041       _StopSectorCache
 0E47:004C       _CacheIsCorrupt
 0E47:005B       _CacheSector
 0E47:008B       _RetreiveCachedSector
 0E47:00B4       _UncacheSector
 0E47:00D3       _InvalidateCache
 0E47:00E6       _CacheActive
 0E47:010E       _CommitCache
 0E59:0004       _InitialisePhysicalCache
 0E59:0087       _ClosePhysicalCache
 0E59:009D       _RemapXMSBlock
 0E6F:000B       _InitialiseLogicalCache
 0E6F:00B4       _CloseLogicalCache
 0E6F:00E1       _EnsureBlockMapped
 0E8A:0122       _InitialisePerBlockCaching
 0E8A:01B7       _ClosePerBlockCaching
 0E8A:01DF       _CacheBlockSector
 0E8A:0598       _RetreiveBlockSector
 0E8A:0707       _UncacheBlockSector
 0E8A:0854       _InvalidateBlockCache
 0E8A:08B3       _GetFirstDirtyTag
 0E8A:0DAD       _WriteBackCache
 0E8A:0EBF       _DBGLogSector
 0E8A:0F0F       _DBGLogDelim
 0E8A:0F5F       _DumpCache
 0F98:0009       _XMSinit
 0F98:0009       _XMMinit
 0F98:0056       _XMScoreleft
 0F98:0081       _XMSalloc
 0F98:00C7       _XMSfree
 0F98:010F       _DOStoXMSmove
 0F98:0155       _XMStoDOSmove
 0FB1:000B       _InstallWriteFunction
 0FB1:00D2       _UninstallWriteFunction
 0FB1:01B4       _WriteBackSectors
 0FD8:0002       _disk_read
 0FD8:004F       _disk_read_ext
 0FE4:0003       _disk_write_ext
 0FEB:0007       _FTEAlloc
 0FEB:004F       _FTEFree
 0FEB:0086       _AllocateSector
 0FEB:0097       _AllocateSectors
 0FEB:00AC       _FreeSectors
 0FEB:00BD       _AllocateBootSector
 0FEB:00CB       _FreeBootSector
 0FEB:00DC       _AllocateDirectoryEntry
 0FEB:00EA       _FreeDirectoryEntry
 0FEB:00FB       _AllocateFSInfo
 0FEB:0109       _FreeFSInfo
 0FFC:000A       _CreateBitField
 0FFC:0094       _DestroyBitfield
 0FFC:00AE       _SetBitfieldBit
 0FFC:0117       _ClearBitfieldBit
 0FFC:0182       _SwapBitfieldBits
 1020:0008       _CreateVFSBitField
 1020:009F       _DestroyVFSBitfield
 1020:00B1       _SetVFSBitfieldBit
 1020:015C       _ClearVFSBitfieldBit
 1020:0209       _GetVFSBitfieldBit
 1020:0291       _SwapVFSBitfieldBits
 1057:0003       _CreateVFSArray
 1057:0067       _DestroyVFSArray
 1057:007D       _SetVFSArray
 1057:00B7       _GetVFSArray
 1066:0001       _CheckFatLabelValidity
 1066:004F       _MakeFatLabelsValid
 107B:0004       _MultipleFatCheck
 1097:0007       _FindCrossLinkedFiles
 1097:001D       _SplitCrossLinkedFiles
 1097:08DE       _DestroyClusterReferenceList
 113A:0001       _FindLostClusters
 113A:0091       _ConvertLostClustersToFiles
 11FC:000B       _GetFATSummary
 1209:0009       _GetFilesSummary
 124C:0001       _ReportVolumeSummary
 12B5:0009       _CheckFSString
 12B5:00B8       _CorrectFSString
 12CE:000F       _CheckDescriptorInFat
 12CE:00A3       _PlaceDescriptorInFat
 12E5:000A       _DescriptorCheck
 12F8:000A       _InitDblDotChecking
 12F8:0024       _PreProcesDblDotChecking
 12F8:0049       _CheckDirectoryForInvalidDblDots
 12F8:00FE       _PostProcesDblDotChecking
 12F8:011C       _DestroyDblDotChecking
 131C:0006       _InitDblNameChecking
 131C:00B8       _PreProcesDblNameChecking
 131C:00DC       _CheckDirectoryForDoubles
 131C:0281       _PostProcesDblNameChecking
 131C:029F       _DestroyDblNameChecking
 1354:0002       _InitLFNChecking
 1354:001C       _PreProcesLFNChecking
 1354:004D       _CheckLFNInDirectory
 1354:02A1       _PostProcesLFNChecking
 1354:0302       _DestroyLFNChecking
 13AC:000C       _CheckDirectoryEntries
 13AC:010C       _FixDirectoryEntries
 143C:0000       _ScanFileChain
 1496:000A       _InitClusterEntryChecking
 1496:0052       _PreProcessClusterEntryChecking
 1496:00A4       _CheckEntriesInCluster
 1496:0179       _PostProcessClusterEntryChecking
 1496:01CB       _DestroyClusterEntryChecking
 1496:01FF       _PerformEntryChecks
 14C6:0003       _PerformRootDirChecks
 14C6:0141       _RootDirChecker
 14E1:000A       _InitInvalidCharChecking
 14E1:0024       _PreProcesInvalidCharChecking
 14E1:0049       _CheckEntryForInvalidChars
 14E1:041D       _PostProcesInvalidCharChecking
 14E1:043B       _DestroyInvalidCharChecking
 1533:0005       _InitFirstClusterChecking
 1533:001F       _PreProcesFirstClusterChecking
 1533:003D       _CheckFirstCluster
 1533:012E       _PostProcesFirstClusterChecking
 1533:014C       _DestroyFirstClusterChecking
 1549:0003       _CreateFastTreeMap
 1549:004E       _CompressFastTreeMap
 1549:00C4       _MarkDirectoryEntry
 1549:0164       _DestroyFastTreeMap
 1549:0538       _FastWalkDirectoryTree
 1549:07BF       _IndicateTreeIncomplete
 1549:07CA       _IsTreeIncomplete
 15C6:0002       _IntelligentWalkDirectoryTree
 165E:000C       _PrintFileDefragFactors
 1688:0006       _ScanSurface
 1737:0009       _ReportFileSysError
 1737:0032       _ReportFileSysWarning
 1737:005B       _ReportGeneralRemark
 1737:0073       _ReportFileName
 173F:000B       _GetFilePrintBuffer
 173F:0015       _GetMessageBuffer
 173F:001F       _ShowDirectoryViolation
 173F:0094       _ShowClusterViolation
 173F:0104       _ShowFileNameViolation
 173F:0146       _ShowParentViolation
 175C:0000       DATASEG@
 175C:0059       __Int0Vector
 175C:005D       __Int4Vector
 175C:0061       __Int5Vector
 175C:0065       __Int6Vector
 175C:0069       __C0argc
 175C:006B       __C0argv
 175C:006F       __C0environ
 175C:0073       __envLng
 175C:0075       __envseg
 175C:0077       __envSize
 175C:0079       __psp
 175C:007B       __osmajor
 175C:007B       __version
 175C:007C       __osminor
 175C:007D       _errno
 175C:007F       __StartTime
 175C:0083       __heapbase
 175C:0087       __brklvl
 175C:008B       __heaptop
 175C:0090       _TheChecks
 175C:0530       _LastReadBufferSector
 175C:0CC8       _DBG_HITS
 175C:0CCC       _DBG_WRITES
 175C:0CD0       _DBG_TOTAL
 175C:0CD4       _DBG_A
 175C:0CD8       _DBG_B
 175C:0CDC       _DBG_C
 175C:0CE0       _DBG_D
 175C:1858       _DirectoryChecks
 175C:1A14       _FastTreeLen
 175C:1B54       __atexitcnt
 175C:1D2C       __ctype
 175C:1E2E       __exitbuf
 175C:1E32       __exitfopen
 175C:1E36       __exitopen
 175C:1E3C       __streams
 175C:1FCC       __openfd
 175C:1FF4       __fmode
 175C:1FF6       __notUmask
 175C:1FFE       __stklen
 175C:2018       __doserrno
 175C:201A       __dosErrorToSV
 175C:2074       __monthDay
 175C:208E       _tzname
 175C:2096       _timezone
 175C:209A       _daylight
 175C:2110       __argc
 175C:2112       __argv
 175C:2120       _environ
 175C:2124       __ScanTodVector
 175C:2124       __RealCvtVector
 175C:2350       _VirtualDirectory
 175C:269C       _LogicalBlocks
 175C:26DC       _NumberOfPhysicalBlocks
 175C:26E8       _WriteFuncs
 175C:3522       __atexittbl
 175C:35D0       __tmpnum
 1AC3:0000       _SwitchChar

Program entry point at 0000:0000

