
 Start  Stop   Length Name               Class

 00000H 021F5H 021F6H _TEXT              CODE
 021F6H 02626H 00431H FRAG_TEXT          CODE
 02627H 02E15H 007EFH RDWRSECT_TEXT      CODE
 02E16H 03A06H 00BF1H BOOT_TEXT          CODE
 03A07H 03DADH 003A7H DIRECT_TEXT        CODE
 03DAEH 03E2BH 0007EH DRIVE_TEXT         CODE
 03E2CH 04D80H 00F55H FAT_TEXT           CODE
 04D81H 04D9EH 0001EH FTEERR_TEXT        CODE
 04D9FH 051B8H 0041AH SUBDIR_TEXT        CODE
 051B9H 0543BH 00283H FSINFO_TEXT        CODE
 0543CH 0554BH 00110H LOWFAT32_TEXT      CODE
 0554CH 05ADBH 00590H BACKUP_TEXT        CODE
 05ADCH 05E8DH 003B2H WALKTREE_TEXT      CODE
 05E8EH 05FA6H 00119H CPYSCT_TEXT        CODE
 05FA7H 065CBH 00625H FNDCIDIR_TEXT      CODE
 065CCH 06878H 002ADH FNDCIFAT_TEXT      CODE
 06879H 069E9H 00171H GTNTHCST_TEXT      CODE
 069EAH 06D1BH 00332H NTHENTRY_TEXT      CODE
 06D1CH 07450H 00735H RELOCCLT_TEXT      CODE
 07451H 076ABH 0025BH ADCPDIRS_TEXT      CODE
 076ACH 07C93H 005E8H FREESPAC_TEXT      CODE
 07C94H 097CBH 01B38H VFILESYS_TEXT      CODE
 097CCH 098EDH 00122H SCTCACHE_TEXT      CODE
 098EEH 09A12H 00125H PHSCACHE_TEXT      CODE
 09A13H 09B75H 00163H LOGCACHE_TEXT      CODE
 09B76H 0A6C2H 00B4DH BLKCACHE_TEXT      CODE
 0A6C3H 0A854H 00192H XMS_TEXT           CODE
 0A855H 0A975H 00121H WRTBACK_TEXT       CODE
 0A976H 0AA36H 000C1H READ_TEXT          CODE
 0AA37H 0AAAAH 00074H WRITE_TEXT         CODE
 0AAABH 0AB87H 000DDH FTEMEM_TEXT        CODE
 0AB88H 0AD31H 001AAH BITFIELD_TEXT      CODE
 0AD32H 0AFFEH 002CDH VFSBTFLD_TEXT      CODE
 0AFFFH 0B0ECH 000EEH VFSARRAY_TEXT      CODE
 0B0F0H 0B0F0H 00000H _FARDATA           FAR_DATA
 0B0F0H 0B0F0H 00000H _OVERLAY_          OVRINFO
 0B0F0H 0B0FBH 0000CH _INIT_             INITDATA
 0B0FCH 0B0FCH 00000H _INITEND_          INITDATA
 0B0FCH 0B0FCH 00000H _EXIT_             EXITDATA
 0B0FCH 0B0FCH 00000H _EXITEND_          EXITDATA
 0B100H 0B100H 00000H _1STUB_            STUBSEG
 0B100H 0B5F9H 004FAH _DATA              DATA
 0B5FAH 0B5FAH 00000H _CVTSEG            DATA
 0B5FAH 0B5FAH 00000H _SCNSEG            DATA
 0B5FAH 0B610H 00017H XMS_DATA           DATA
 0B612H 0BC43H 00632H _BSS               BSS
 0BC44H 0BC44H 00000H _BSSEND            ENDBSS
 0BC50H 0BCCFH 00080H _STACK             STACK

  Address         Publics by Name

 0B10:0000       DATASEG@
 0000:0206       DGROUP@
 0000:1F46       F_LDIV@
 0000:1F55       F_LMOD@
 0000:1F4D       F_LUDIV@
 0000:1F5D       F_LUMOD@
 0000:1FF4       F_LXLSH@
 0000:1F2C       F_LXMUL@
 0000:2015       F_LXURSH@
 0000:2036       F_PADD@
 0000:2065       F_PSUB@
 0000:1F46       LDIV@
 0000:1F55       LMOD@
 0000:1F4D       LUDIV@
 0000:1F5D       LUMOD@
 0000:1FF4       LXLSH@
 0000:1F2C       LXMUL@
 0000:2015       LXURSH@
 0000:1F43       N_LDIV@
 0000:1F52       N_LMOD@
 0000:1F4A       N_LUDIV@
 0000:1F5A       N_LUMOD@
 0000:1FF1       N_LXLSH@
 0000:2093       N_LXMUL@
 0000:2012       N_LXURSH@
 0000:2033       N_PADD@
 0000:20AA       N_PCMP@
 0000:2062       N_PSUB@
 0000:2036       PADD@
 0000:2065       PSUB@
 0000:01F0       _abort
 0000:0DEB       _absread
 0000:0E52       _abswrite
 0745:0001       _AdaptCurrentAndPreviousDirs
 0AAA:008B       _AllocateBootSector
 0AAA:00AA       _AllocateDirectoryEntry
 0AAA:00C9       _AllocateFSInfo
 0AAA:0054       _AllocateSector
 0AAA:0065       _AllocateSectors
 0000:020A       _atexit
 0554:000C       _BackupBoot
 0554:051C       _BackupFat
 06D1:0132       _BreakFatMapReference
 097C:00F0       _CacheActive
 09B7:0159       _CacheBlockSector
 097C:0056       _CacheIsCorrupt
 097C:0065       _CacheSector
 076A:054B       _CalculateFreeSpace
 02E1:0A50       _CalculateNewSerialNumber
 051B:0099       _CheckFSInfo
 0AB8:00CB       _ClearBitfieldBit
 04D8:0014       _ClearFTEerror
 0AD3:0127       _ClearVFSBitfieldBit
 0000:0237       _close
 09A1:009A       _CloseLogicalCache
 09B7:0131       _ClosePerBlockCaching
 098E:0091       _ClosePhysicalCache
 0262:0784       _CloseReadWriteSectors
 097C:0019       _CloseSectorCache
 097C:0118       _CommitCache
 03E2:0211       _ConvertToDataSector
 05E8:000E       _CopySectors
 0AB8:0008       _CreateBitField
 06D1:0153       _CreateFatMapReference
 021F:0308       _CreateFileName
 0AFF:000F       _CreateVFSArray
 0AD3:0002       _CreateVFSBitField
 07C9:0004       _CreateVirtualFile
 03E2:017D       _DataSectorToCluster
 07C9:00CB       _DeleteVirtualFile
 0AB8:006D       _DestroyBitfield
 05FA:009E       _DestroyDirReferedTable
 06D1:0109       _DestroyFatReferedMap
 065C:0106       _DestroyFatReferedTable
 0AFF:0073       _DestroyVFSArray
 0AD3:008F       _DestroyVFSBitfield
 02E1:0705       _DetermineFATType
 04D9:033E       _DirectoryEquals
 0A97:0006       _disk_read
 0A97:0053       _disk_read_ext
 0AA3:0007       _disk_write_ext
 0A6C:0109       _DOStoXMSmove
 09A1:00C7       _EnsureBlockMapped
 07C9:0716       _EnsureClusterFree
 07C9:0736       _EnsureClustersFree
 03A0:02BF       _EntryLength
 0B10:007D       _errno
 0000:0265       _exit
 0543:000C       _ExtendedAbsReadWrite
 0000:1C6E       _farfree
 0000:1D5E       _farmalloc
 0000:1EBE       _farrealloc
 0000:03B6       _fflush
 03E2:0781       _FileTraverseFat
 05FA:0202       _FindClusterInDirectories
 05FA:04BF       _FindClusterInDirectories1
 065C:01CE       _FindClusterInFAT
 065C:0216       _FindClusterInFAT1
 076A:02FF       _FindFirstFittingFreeSpace
 076A:000C       _FindFirstFreeSpace
 076A:0372       _FindLastFreeCluster
 076A:0146       _FindNextFreeSpace
 0000:0486       _flushall
 0000:0680       _fputc
 0000:07DC       _fputchar
 021F:0006       _FragmentVolume
 0000:1C6E       _free
 0AAA:0099       _FreeBootSector
 0AAA:00B8       _FreeDirectoryEntry
 0AAA:00D7       _FreeFSInfo
 0AAA:007A       _FreeSectors
 0000:054D       _fseek
 0AAA:000B       _FTEAlloc
 0AAA:0042       _FTEFree
 0000:05CD       _ftell
 02E1:041E       _GetBiosDriveNumber
 02E1:0674       _GetBPBFileSystemString
 02E1:05E3       _GetBPBVolumeLabel
 03E2:0DDD       _GetBytesInFat
 02E1:0349       _GetClustersInDataArea
 03E2:009C       _GetDataAreaStart
 0000:061D       _getdate
 0000:0F27       _getdfree
 04D9:02E0       _GetDirectory
 03A0:0007       _GetDirectoryStart
 02E1:0556       _GetDiskSerialNumber
 0000:0F09       _getfat
 02E1:089B       _GetFAT32BackupBootSector
 02E1:0855       _GetFAT32RootCluster
 0543:008F       _GetFAT32SectorSize
 02E1:0801       _GetFAT32Version
 0000:0EF4       _getfatd
 03E2:0020       _GetFatLabelSize
 03E2:000C       _GetFatStart
 03A0:0275       _GetFirstCluster
 09B7:0746       _GetFirstDirtyTag
 051B:0132       _GetFreeClusterSearchStart
 076A:04A4       _GetFreeDiskSpace
 02E1:087B       _GetFSInfoSector
 04D8:0001       _GetFTEerror
 02E1:03E8       _GetLabelsInFat
 07C9:1A92       _GetMaxRelocatableSize
 02E1:029D       _GetMediaDescriptor
 0687:0009       _GetNthCluster
 069E:000A       _GetNthDirectoryPosition
 069E:01A2       _GetNthDirectorySector
 069E:020F       _GetNthSubDirectoryPosition
 02E1:025D       _GetNumberOfFats
 051B:01F7       _GetNumberOfFreeClusters
 02E1:027D       _GetNumberOfRootEntries
 02E1:02BD       _GetNumberOfSectors
 076A:041B       _GetPreviousFreeCluster
 02E1:0329       _GetReadWriteHeads
 0262:07DE       _GetReadWriteModus
 02E1:023D       _GetReservedSectors
 03A0:019E       _GetRootDirPosition
 02E1:0217       _GetSectorsPerCluster
 02E1:02E3       _GetSectorsPerFat
 02E1:0309       _GetSectorsPerTrack
 0000:0630       _gettime
 0AFF:00C3       _GetVFSArray
 0AD3:01AF       _GetVFSBitfieldBit
 07C9:00FC       _GetVirtualFileSpaceUsed
 03DA:000E       _HasAllFloppyForm
 03DA:0054       _HasFloppyForm
 05FA:030D       _IndicateDirClusterMoved
 05FA:0285       _IndicateDirEntryMoved
 02E1:0917       _IndicateVolumeDataFilled
 02E1:08EF       _IndicateVolumeDataFilled_NT
 09A1:0003       _InitialiseLogicalCache
 09B7:00C2       _InitialisePerBlockCaching
 098E:000E       _InitialisePhysicalCache
 0262:0752       _InitReadSectors
 0262:0720       _InitReadWriteSectors
 097C:000C       _InitSectorCache
 0A85:0005       _InstallWriteFunction
 0000:0F49       _int86
 0000:0F7A       _int86x
 0000:1013       _intdos
 0000:1041       _intdosx
 09B7:06E7       _InvalidateBlockCache
 02E1:0204       _InvalidateBootInfo
 097C:00DD       _InvalidateCache
 03E2:0DCF       _InvalidateFatCache
 0000:10A1       _ioctl
 0000:1107       _isatty
 07C9:061B       _IsClusterUsed
 03E2:0E53       _IsLabelValid
 03E2:0EEA       _IsLabelValidInFile
 03A0:01F4       _IsRootDirPosition
 02E1:052C       _IsVolumeDataFilled
 02E1:0541       _IsVolumeDataFilled_NT
 0262:07EA       _IsWorkingOnImageFile
 0000:11C3       _itoa
 0B10:0126       _LastReadBufferSector
 03E2:0567       _LinearTraverseFat
 03A0:02DD       _LocatePreviousDir
 097C:002A       _LockSectorCache
 0B10:0A6E       _LogicalBlocks
 0000:1118       _lseek
 0000:120A       _ltoa
 021F:0332       _main
 0000:1D54       _malloc
 0000:1232       _memcmp
 0000:125A       _memcpy
 0000:12A2       _memset
 0554:00B7       _MultipleBootCheck
 0000:12EE       _open
 069E:012A       _positiongetter
 07C9:16FC       _PrepareVirtualFile
 0000:0643       _printf
 02E1:049A       _PrivateIsVolumeDataFilled
 0000:09AC       _rand
 021F:00C9       _random_cluster
 021F:0226       _random_freeSpace
 0000:148C       _read
 02E1:0124       _ReadBootSector
 02E1:01B0       _ReadBootSectorIfNeeded
 03A0:00A2       _ReadDirEntry
 03E2:0953       _ReadFatLabel
 051B:0009       _ReadFSInfo
 0262:0220       _ReadSectors
 0262:03E3       _ReadSectorsAddress
 07C9:03FB       _ReadVirtualFile
 0000:1EB7       _realloc
 06D1:0203       _RelocateCluster
 098E:00A7       _RemapXMSBlock
 09B7:0482       _RetreiveBlockSector
 097C:0095       _RetreiveCachedSector
 0000:1566       _segread
 0AB8:0087       _SetBitfieldBit
 0000:1586       _setblock
 03A0:02A6       _SetFirstCluster
 04D8:0009       _SetFTEerror
 0000:127E       _setmem
 0000:0A4B       _setvbuf
 0AFF:0089       _SetVFSArray
 0AD3:00A1       _SetVFSBitfieldBit
 0000:0BAA       _sprintf
 0000:099B       _srand
 097C:0040       _StartSectorCache
 097C:004B       _StopSectorCache
 0000:15A2       _strcmp
 0000:15D2       _strlen
 069E:0269       _SubdirGetter
 04D9:000F       _SubdirTraverser
 0AB8:0111       _SwapBitfieldBits
 06D1:0174       _SwapFatMapReference
 0AD3:0212       _SwapVFSBitfieldBits
 0554:0536       _SynchronizeFATs
 0000:0BED       _tell
 0000:0C07       _toupper
 04D9:00F1       _TraverseRootDir
 04D9:025C       _TraverseSubdir
 0000:11ED       _ultoa
 09B7:05B8       _UncacheBlockSector
 097C:00BE       _UncacheSector
 0A85:0048       _UninstallWriteFunction
 097C:0035       _UnlockSectorCache
 021F:02F7       _usage
 0B10:0722       _VirtualDirectory
 0000:0BCC       _vsprintf
 05AD:000C       _WalkDirectoryTree
 0000:0C33       _write
 09B7:0B27       _WriteBackCache
 0A85:00D0       _WriteBackSectors
 02E1:09EA       _WriteBiosDriveNumber
 02E1:0166       _WriteBootSector
 02E1:0B3D       _WriteBPBFileSystemString
 02E1:0AC6       _WriteBPBVolumeLabel
 04D9:0366       _WriteDirectory
 03A0:015D       _WriteDirEntry
 02E1:0A16       _WriteDiskSerialNumber
 02E1:0BE8       _WriteFAT32BackupBootSector
 02E1:0BC3       _WriteFAT32RootCluster
 02E1:0BB4       _WriteFAT32Version
 03E2:0A4A       _WriteFatLabel
 065C:0130       _WriteFatReference
 051B:0274       _WriteFreeClusterCount
 051B:025C       _WriteFreeClusterStart
 051B:004F       _WriteFSInfo
 02E1:0BD9       _WriteFSInfoSector
 0B10:0AB8       _WriteFuncs
 02E1:097B       _WriteMediaDescriptor
 02E1:096C       _WriteNumberOfFats
 02E1:093F       _WriteNumberOfRootEntries
 02E1:098A       _WriteNumberOfSectors
 02E1:09DB       _WriteReadWriteHeads
 02E1:095D       _WriteReservedSectors
 0262:0432       _WriteSectors
 02E1:094E       _WriteSectorsPerCluster
 02E1:0999       _WriteSectorsPerFat
 02E1:09CC       _WriteSectorsPerTrack
 07C9:01D5       _WriteVirtualFile
 0A6C:0003       _XMMinit
 0A6C:007B       _XMSalloc
 0A6C:0050       _XMScoreleft
 0A6C:00C1       _XMSfree
 0A6C:0003       _XMSinit
 0A6C:014F       _XMStoDOSmove
 0000:1000  Abs  __AHINCR
 0000:000C  Abs  __AHSHIFT
 0B10:04EA       __argc
 0B10:04EC       __argv
 0B10:014A       __atexitcnt
 0B10:0AC0       __atexittbl
 0000:030A       __brk
 0B10:0087       __brklvl
 0B10:0069       __C0argc
 0B10:006B       __C0argv
 0B10:006F       __C0environ
 0000:0EB9       __chmod
 0000:0ED6       __close
 0B10:014C       __ctype
 0B10:0426       __doserrno
 0B10:0428       __dosErrorToSV
 0B10:0073       __envLng
 0B10:0075       __envseg
 0B10:0077       __envSize
 0000:011A       __exit
 0B10:024E       __exitbuf
 0000:00FA       __exitclean
 0B10:0252       __exitfopen
 0B10:0256       __exitopen
 0B10:0414       __fmode
 0000:065E       __fputc
 0000:07F3       __FPUTN
 0B10:0083       __heapbase
 0B10:008B       __heaptop
 0B10:0059       __Int0Vector
 0B10:005D       __Int4Vector
 0B10:0061       __Int5Vector
 0B10:0065       __Int6Vector
 0000:10CA       __IOERROR
 0000:1141       __LONGTOA
 0000:0208       __MMODEL
 0B10:0416       __notUmask
 0000:143E       __open
 0B10:03EC       __openfd
 0B10:007B       __osmajor
 0B10:007C       __osminor
 0B10:0079       __psp
 0000:154A       __read
 0000:20CB       __REALCVT
 0B10:04FA       __RealCvtVector
 0000:0178       __restorezero
 0000:0349       __sbrk
 0B10:04FA       __ScanTodVector
 0000:0000  Abs  __setargv__
 0000:09D2       __setupio
 0B10:007F       __StartTime
 0B10:0422       __stklen
 0B10:025C       __streams
 0B10:007B       __version
 0000:1609       __VPRINTER
 0000:1AE1       __write
 0000:0D60       __xfflush
 0000:1B30       ___first
 0000:1B32       ___last
 0000:1B34       ___rover

  Address         Publics by Value

 0000:0000  Abs  __setargv__
 0000:000C  Abs  __AHSHIFT
 0000:1000  Abs  __AHINCR
 0000:00FA       __exitclean
 0000:011A       __exit
 0000:0178       __restorezero
 0000:01F0       _abort
 0000:0206       DGROUP@
 0000:0208       __MMODEL
 0000:020A       _atexit
 0000:0237       _close
 0000:0265       _exit
 0000:030A       __brk
 0000:0349       __sbrk
 0000:03B6       _fflush
 0000:0486       _flushall
 0000:054D       _fseek
 0000:05CD       _ftell
 0000:061D       _getdate
 0000:0630       _gettime
 0000:0643       _printf
 0000:065E       __fputc
 0000:0680       _fputc
 0000:07DC       _fputchar
 0000:07F3       __FPUTN
 0000:099B       _srand
 0000:09AC       _rand
 0000:09D2       __setupio
 0000:0A4B       _setvbuf
 0000:0BAA       _sprintf
 0000:0BCC       _vsprintf
 0000:0BED       _tell
 0000:0C07       _toupper
 0000:0C33       _write
 0000:0D60       __xfflush
 0000:0DEB       _absread
 0000:0E52       _abswrite
 0000:0EB9       __chmod
 0000:0ED6       __close
 0000:0EF4       _getfatd
 0000:0F09       _getfat
 0000:0F27       _getdfree
 0000:0F49       _int86
 0000:0F7A       _int86x
 0000:1013       _intdos
 0000:1041       _intdosx
 0000:10A1       _ioctl
 0000:10CA       __IOERROR
 0000:1107       _isatty
 0000:1118       _lseek
 0000:1141       __LONGTOA
 0000:11C3       _itoa
 0000:11ED       _ultoa
 0000:120A       _ltoa
 0000:1232       _memcmp
 0000:125A       _memcpy
 0000:127E       _setmem
 0000:12A2       _memset
 0000:12EE       _open
 0000:143E       __open
 0000:148C       _read
 0000:154A       __read
 0000:1566       _segread
 0000:1586       _setblock
 0000:15A2       _strcmp
 0000:15D2       _strlen
 0000:1609       __VPRINTER
 0000:1AE1       __write
 0000:1B30       ___first
 0000:1B32       ___last
 0000:1B34       ___rover
 0000:1C6E       _free
 0000:1C6E       _farfree
 0000:1D54       _malloc
 0000:1D5E       _farmalloc
 0000:1EB7       _realloc
 0000:1EBE       _farrealloc
 0000:1F2C       F_LXMUL@
 0000:1F2C       LXMUL@
 0000:1F43       N_LDIV@
 0000:1F46       LDIV@
 0000:1F46       F_LDIV@
 0000:1F4A       N_LUDIV@
 0000:1F4D       F_LUDIV@
 0000:1F4D       LUDIV@
 0000:1F52       N_LMOD@
 0000:1F55       F_LMOD@
 0000:1F55       LMOD@
 0000:1F5A       N_LUMOD@
 0000:1F5D       F_LUMOD@
 0000:1F5D       LUMOD@
 0000:1FF1       N_LXLSH@
 0000:1FF4       F_LXLSH@
 0000:1FF4       LXLSH@
 0000:2012       N_LXURSH@
 0000:2015       F_LXURSH@
 0000:2015       LXURSH@
 0000:2033       N_PADD@
 0000:2036       F_PADD@
 0000:2036       PADD@
 0000:2062       N_PSUB@
 0000:2065       F_PSUB@
 0000:2065       PSUB@
 0000:2093       N_LXMUL@
 0000:20AA       N_PCMP@
 0000:20CB       __REALCVT
 021F:0006       _FragmentVolume
 021F:00C9       _random_cluster
 021F:0226       _random_freeSpace
 021F:02F7       _usage
 021F:0308       _CreateFileName
 021F:0332       _main
 0262:0220       _ReadSectors
 0262:03E3       _ReadSectorsAddress
 0262:0432       _WriteSectors
 0262:0720       _InitReadWriteSectors
 0262:0752       _InitReadSectors
 0262:0784       _CloseReadWriteSectors
 0262:07DE       _GetReadWriteModus
 0262:07EA       _IsWorkingOnImageFile
 02E1:0124       _ReadBootSector
 02E1:0166       _WriteBootSector
 02E1:01B0       _ReadBootSectorIfNeeded
 02E1:0204       _InvalidateBootInfo
 02E1:0217       _GetSectorsPerCluster
 02E1:023D       _GetReservedSectors
 02E1:025D       _GetNumberOfFats
 02E1:027D       _GetNumberOfRootEntries
 02E1:029D       _GetMediaDescriptor
 02E1:02BD       _GetNumberOfSectors
 02E1:02E3       _GetSectorsPerFat
 02E1:0309       _GetSectorsPerTrack
 02E1:0329       _GetReadWriteHeads
 02E1:0349       _GetClustersInDataArea
 02E1:03E8       _GetLabelsInFat
 02E1:041E       _GetBiosDriveNumber
 02E1:049A       _PrivateIsVolumeDataFilled
 02E1:052C       _IsVolumeDataFilled
 02E1:0541       _IsVolumeDataFilled_NT
 02E1:0556       _GetDiskSerialNumber
 02E1:05E3       _GetBPBVolumeLabel
 02E1:0674       _GetBPBFileSystemString
 02E1:0705       _DetermineFATType
 02E1:0801       _GetFAT32Version
 02E1:0855       _GetFAT32RootCluster
 02E1:087B       _GetFSInfoSector
 02E1:089B       _GetFAT32BackupBootSector
 02E1:08EF       _IndicateVolumeDataFilled_NT
 02E1:0917       _IndicateVolumeDataFilled
 02E1:093F       _WriteNumberOfRootEntries
 02E1:094E       _WriteSectorsPerCluster
 02E1:095D       _WriteReservedSectors
 02E1:096C       _WriteNumberOfFats
 02E1:097B       _WriteMediaDescriptor
 02E1:098A       _WriteNumberOfSectors
 02E1:0999       _WriteSectorsPerFat
 02E1:09CC       _WriteSectorsPerTrack
 02E1:09DB       _WriteReadWriteHeads
 02E1:09EA       _WriteBiosDriveNumber
 02E1:0A16       _WriteDiskSerialNumber
 02E1:0A50       _CalculateNewSerialNumber
 02E1:0AC6       _WriteBPBVolumeLabel
 02E1:0B3D       _WriteBPBFileSystemString
 02E1:0BB4       _WriteFAT32Version
 02E1:0BC3       _WriteFAT32RootCluster
 02E1:0BD9       _WriteFSInfoSector
 02E1:0BE8       _WriteFAT32BackupBootSector
 03A0:0007       _GetDirectoryStart
 03A0:00A2       _ReadDirEntry
 03A0:015D       _WriteDirEntry
 03A0:019E       _GetRootDirPosition
 03A0:01F4       _IsRootDirPosition
 03A0:0275       _GetFirstCluster
 03A0:02A6       _SetFirstCluster
 03A0:02BF       _EntryLength
 03A0:02DD       _LocatePreviousDir
 03DA:000E       _HasAllFloppyForm
 03DA:0054       _HasFloppyForm
 03E2:000C       _GetFatStart
 03E2:0020       _GetFatLabelSize
 03E2:009C       _GetDataAreaStart
 03E2:017D       _DataSectorToCluster
 03E2:0211       _ConvertToDataSector
 03E2:0567       _LinearTraverseFat
 03E2:0781       _FileTraverseFat
 03E2:0953       _ReadFatLabel
 03E2:0A4A       _WriteFatLabel
 03E2:0DCF       _InvalidateFatCache
 03E2:0DDD       _GetBytesInFat
 03E2:0E53       _IsLabelValid
 03E2:0EEA       _IsLabelValidInFile
 04D8:0001       _GetFTEerror
 04D8:0009       _SetFTEerror
 04D8:0014       _ClearFTEerror
 04D9:000F       _SubdirTraverser
 04D9:00F1       _TraverseRootDir
 04D9:025C       _TraverseSubdir
 04D9:02E0       _GetDirectory
 04D9:033E       _DirectoryEquals
 04D9:0366       _WriteDirectory
 051B:0009       _ReadFSInfo
 051B:004F       _WriteFSInfo
 051B:0099       _CheckFSInfo
 051B:0132       _GetFreeClusterSearchStart
 051B:01F7       _GetNumberOfFreeClusters
 051B:025C       _WriteFreeClusterStart
 051B:0274       _WriteFreeClusterCount
 0543:000C       _ExtendedAbsReadWrite
 0543:008F       _GetFAT32SectorSize
 0554:000C       _BackupBoot
 0554:00B7       _MultipleBootCheck
 0554:051C       _BackupFat
 0554:0536       _SynchronizeFATs
 05AD:000C       _WalkDirectoryTree
 05E8:000E       _CopySectors
 05FA:009E       _DestroyDirReferedTable
 05FA:0202       _FindClusterInDirectories
 05FA:0285       _IndicateDirEntryMoved
 05FA:030D       _IndicateDirClusterMoved
 05FA:04BF       _FindClusterInDirectories1
 065C:0106       _DestroyFatReferedTable
 065C:0130       _WriteFatReference
 065C:01CE       _FindClusterInFAT
 065C:0216       _FindClusterInFAT1
 0687:0009       _GetNthCluster
 069E:000A       _GetNthDirectoryPosition
 069E:012A       _positiongetter
 069E:01A2       _GetNthDirectorySector
 069E:020F       _GetNthSubDirectoryPosition
 069E:0269       _SubdirGetter
 06D1:0109       _DestroyFatReferedMap
 06D1:0132       _BreakFatMapReference
 06D1:0153       _CreateFatMapReference
 06D1:0174       _SwapFatMapReference
 06D1:0203       _RelocateCluster
 0745:0001       _AdaptCurrentAndPreviousDirs
 076A:000C       _FindFirstFreeSpace
 076A:0146       _FindNextFreeSpace
 076A:02FF       _FindFirstFittingFreeSpace
 076A:0372       _FindLastFreeCluster
 076A:041B       _GetPreviousFreeCluster
 076A:04A4       _GetFreeDiskSpace
 076A:054B       _CalculateFreeSpace
 07C9:0004       _CreateVirtualFile
 07C9:00CB       _DeleteVirtualFile
 07C9:00FC       _GetVirtualFileSpaceUsed
 07C9:01D5       _WriteVirtualFile
 07C9:03FB       _ReadVirtualFile
 07C9:061B       _IsClusterUsed
 07C9:0716       _EnsureClusterFree
 07C9:0736       _EnsureClustersFree
 07C9:16FC       _PrepareVirtualFile
 07C9:1A92       _GetMaxRelocatableSize
 097C:000C       _InitSectorCache
 097C:0019       _CloseSectorCache
 097C:002A       _LockSectorCache
 097C:0035       _UnlockSectorCache
 097C:0040       _StartSectorCache
 097C:004B       _StopSectorCache
 097C:0056       _CacheIsCorrupt
 097C:0065       _CacheSector
 097C:0095       _RetreiveCachedSector
 097C:00BE       _UncacheSector
 097C:00DD       _InvalidateCache
 097C:00F0       _CacheActive
 097C:0118       _CommitCache
 098E:000E       _InitialisePhysicalCache
 098E:0091       _ClosePhysicalCache
 098E:00A7       _RemapXMSBlock
 09A1:0003       _InitialiseLogicalCache
 09A1:009A       _CloseLogicalCache
 09A1:00C7       _EnsureBlockMapped
 09B7:00C2       _InitialisePerBlockCaching
 09B7:0131       _ClosePerBlockCaching
 09B7:0159       _CacheBlockSector
 09B7:0482       _RetreiveBlockSector
 09B7:05B8       _UncacheBlockSector
 09B7:06E7       _InvalidateBlockCache
 09B7:0746       _GetFirstDirtyTag
 09B7:0B27       _WriteBackCache
 0A6C:0003       _XMSinit
 0A6C:0003       _XMMinit
 0A6C:0050       _XMScoreleft
 0A6C:007B       _XMSalloc
 0A6C:00C1       _XMSfree
 0A6C:0109       _DOStoXMSmove
 0A6C:014F       _XMStoDOSmove
 0A85:0005       _InstallWriteFunction
 0A85:0048       _UninstallWriteFunction
 0A85:00D0       _WriteBackSectors
 0A97:0006       _disk_read
 0A97:0053       _disk_read_ext
 0AA3:0007       _disk_write_ext
 0AAA:000B       _FTEAlloc
 0AAA:0042       _FTEFree
 0AAA:0054       _AllocateSector
 0AAA:0065       _AllocateSectors
 0AAA:007A       _FreeSectors
 0AAA:008B       _AllocateBootSector
 0AAA:0099       _FreeBootSector
 0AAA:00AA       _AllocateDirectoryEntry
 0AAA:00B8       _FreeDirectoryEntry
 0AAA:00C9       _AllocateFSInfo
 0AAA:00D7       _FreeFSInfo
 0AB8:0008       _CreateBitField
 0AB8:006D       _DestroyBitfield
 0AB8:0087       _SetBitfieldBit
 0AB8:00CB       _ClearBitfieldBit
 0AB8:0111       _SwapBitfieldBits
 0AD3:0002       _CreateVFSBitField
 0AD3:008F       _DestroyVFSBitfield
 0AD3:00A1       _SetVFSBitfieldBit
 0AD3:0127       _ClearVFSBitfieldBit
 0AD3:01AF       _GetVFSBitfieldBit
 0AD3:0212       _SwapVFSBitfieldBits
 0AFF:000F       _CreateVFSArray
 0AFF:0073       _DestroyVFSArray
 0AFF:0089       _SetVFSArray
 0AFF:00C3       _GetVFSArray
 0B10:0000       DATASEG@
 0B10:0059       __Int0Vector
 0B10:005D       __Int4Vector
 0B10:0061       __Int5Vector
 0B10:0065       __Int6Vector
 0B10:0069       __C0argc
 0B10:006B       __C0argv
 0B10:006F       __C0environ
 0B10:0073       __envLng
 0B10:0075       __envseg
 0B10:0077       __envSize
 0B10:0079       __psp
 0B10:007B       __osmajor
 0B10:007B       __version
 0B10:007C       __osminor
 0B10:007D       _errno
 0B10:007F       __StartTime
 0B10:0083       __heapbase
 0B10:0087       __brklvl
 0B10:008B       __heaptop
 0B10:0126       _LastReadBufferSector
 0B10:014A       __atexitcnt
 0B10:014C       __ctype
 0B10:024E       __exitbuf
 0B10:0252       __exitfopen
 0B10:0256       __exitopen
 0B10:025C       __streams
 0B10:03EC       __openfd
 0B10:0414       __fmode
 0B10:0416       __notUmask
 0B10:0422       __stklen
 0B10:0426       __doserrno
 0B10:0428       __dosErrorToSV
 0B10:04EA       __argc
 0B10:04EC       __argv
 0B10:04FA       __ScanTodVector
 0B10:04FA       __RealCvtVector
 0B10:0722       _VirtualDirectory
 0B10:0A6E       _LogicalBlocks
 0B10:0AB8       _WriteFuncs
 0B10:0AC0       __atexittbl

Program entry point at 0000:0000

