
 Start  Stop   Length Name               Class

 00000H 03F22H 03F23H _TEXT              CODE
 03F23H 03FF3H 000D1H RECOVER_TEXT       CODE
 03FF4H 04027H 00034H PATH_TEXT          CODE
 04028H 0499EH 00977H INTELWLK_TEXT      CODE
 0499FH 04A5CH 000BEH TRUNAME_TEXT       CODE
 04A5DH 04F9BH 0053FH RECOVDSK_TEXT      CODE
 04F9CH 056E7H 0074CH RECOVFIL_TEXT      CODE
 056E8H 05EA7H 007C0H CROSSLNK_TEXT      CODE
 05EA8H 06B3EH 00C97H LOSTCLTS_TEXT      CODE
 06B3FH 07337H 007F9H RDWRSECT_TEXT      CODE
 07338H 07EFDH 00BC6H BOOT_TEXT          CODE
 07EFEH 08269H 0036CH DIRECT_TEXT        CODE
 0826AH 082E7H 0007EH DRIVE_TEXT         CODE
 082E8H 091EBH 00F04H FAT_TEXT           CODE
 091ECH 09209H 0001EH FTEERR_TEXT        CODE
 0920AH 0961FH 00416H SUBDIR_TEXT        CODE
 09620H 09898H 00279H FSINFO_TEXT        CODE
 09899H 099A8H 00110H LOWFAT32_TEXT      CODE
 099A9H 09F31H 00589H BACKUP_TEXT        CODE
 09F32H 0A2E3H 003B2H WALKTREE_TEXT      CODE
 0A2E4H 0A47BH 00198H FNDCIDIR_TEXT      CODE
 0A47CH 0A586H 0010BH FNDCIFAT_TEXT      CODE
 0A587H 0A927H 003A1H FNDFFSPC_TEXT      CODE
 0A928H 0AA98H 00171H GTNTHCST_TEXT      CODE
 0AA99H 0ADE2H 0034AH NTHENTRY_TEXT      CODE
 0ADE3H 0B6C8H 008E6H FILECHN_TEXT       CODE
 0B6C9H 0B7BCH 000F4H FEXIST_TEXT        CODE
 0B7BDH 0BB0CH 00350H LOCPATH_TEXT       CODE
 0BB0DH 0BD87H 0027BH WALKWPTH_TEXT      CODE
 0BD88H 0BF29H 001A2H WILDCARD_TEXT      CODE
 0BF2AH 0C275H 0034CH PATHCONV_TEXT      CODE
 0C276H 0C4CAH 00255H MKABSPTH_TEXT      CODE
 0C4CBH 0C5E0H 00116H SCTCACHE_TEXT      CODE
 0C5E1H 0C7B4H 001D4H PHSCACHE_TEXT      CODE
 0C7B5H 0CB51H 0039DH LOGCACHE_TEXT      CODE
 0CB52H 0D96DH 00E1CH BLKCACHE_TEXT      CODE
 0D96EH 0DAFFH 00192H XMS_TEXT           CODE
 0DB00H 0DBCCH 000CDH EMS_TEXT           CODE
 0DBCDH 0DCF0H 00124H WRTBACK_TEXT       CODE
 0DCF1H 0DDB1H 000C1H READ_TEXT          CODE
 0DDB2H 0DE25H 00074H WRITE_TEXT         CODE
 0DE26H 0DEE7H 000C2H FTEMEM_TEXT        CODE
 0DEE8H 0E0ABH 001C4H BITFIELD_TEXT      CODE
 0E0B0H 0E0B0H 00000H _FARDATA           FAR_DATA
 0E0B0H 0E0B0H 00000H _OVERLAY_          OVRINFO
 0E0B0H 0E0C1H 00012H _INIT_             INITDATA
 0E0C2H 0E0C2H 00000H _INITEND_          INITDATA
 0E0C2H 0E0C2H 00000H _EXIT_             EXITDATA
 0E0C2H 0E0C2H 00000H _EXITEND_          EXITDATA
 0E0D0H 0E0D0H 00000H _1STUB_            STUBSEG
 0E0D0H 0EC51H 00B82H _DATA              DATA
 0EC52H 0EC53H 00002H _CVTSEG            DATA
 0EC54H 0EC59H 00006H _SCNSEG            DATA
 0EC5AH 0EC70H 00017H XMS_DATA           DATA
 0EC71H 0EC78H 00008H EMS_DATA           DATA
 0EC7AH 0EFA7H 0032EH _BSS               BSS
 0EFA8H 0EFA8H 00000H _BSSEND            ENDBSS
 0EFB0H 0F02FH 00080H _STACK             STACK
 0F030H 0F037H 00008H SWITCHCH_TEXT      

  Address         Publics by Name

 0E0D:0000       DATASEG@
 0000:0206       DGROUP@
 0000:3BF6       F_LDIV@
 0000:3C05       F_LMOD@
 0000:3BFD       F_LUDIV@
 0000:3C0D       F_LUMOD@
 0000:3CA4       F_LXLSH@
 0000:3BDC       F_LXMUL@
 0000:3CC5       F_LXURSH@
 0000:3CE6       F_PADD@
 0000:3D15       F_PSUB@
 0000:3D46       F_SCOPY@
 0000:3BF6       LDIV@
 0000:3C05       LMOD@
 0000:3BFD       LUDIV@
 0000:3C0D       LUMOD@
 0000:3CA4       LXLSH@
 0000:3BDC       LXMUL@
 0000:3CC5       LXURSH@
 0000:3BF3       N_LDIV@
 0000:3C02       N_LMOD@
 0000:3BFA       N_LUDIV@
 0000:3C0A       N_LUMOD@
 0000:3CA1       N_LXLSH@
 0000:3D62       N_LXMUL@
 0000:3CC2       N_LXURSH@
 0000:3CE3       N_PADD@
 0000:3D79       N_PCMP@
 0000:3D12       N_PSUB@
 0000:3D43       N_SCOPY@
 0000:3CE6       PADD@
 0000:3D15       PSUB@
 0000:3D46       SCOPY@
 0000:01F0       _abort
 0000:1BFD       _absread
 0000:1C64       _abswrite
 0ADE:0328       _AddDirectory
 03FF:0004       _addsep
 056E:06C6       _AdjustFileSize
 0DE2:006B       _AllocateBootSector
 0DE2:008A       _AllocateDirectoryEntry
 0DE2:00A9       _AllocateFSInfo
 0DE2:0034       _AllocateSector
 0DE2:0045       _AllocateSectors
 0000:049F       _asctime
 0000:020A       _atexit
 0000:1D40       _atoi
 0000:1CCB       _atol
 099A:0009       _BackupBoot
 099A:0516       _BackupFat
 0C4C:00EF       _CacheActive
 0CB5:020B       _CacheBlockSector
 0C4C:0055       _CacheIsCorrupt
 0C4C:0064       _CacheSector
 0733:0A27       _CalculateNewSerialNumber
 0962:0090       _CheckFSInfo
 0DEE:00CB       _ClearBitfieldBit
 091E:001F       _ClearFTEerror
 0000:0237       _close
 0C7B:0129       _CloseLogicalCache
 0CB5:01E3       _ClosePerBlockCaching
 0C5E:008D       _ClosePhysicalCache
 06B3:07A7       _CloseReadWriteSectors
 0C4C:0018       _CloseSectorCache
 0C4C:0117       _CommitCache
 0BF2:02BD       _ConvertEntryPath
 05EA:0008       _ConvertLostClustersToFiles
 082E:0203       _ConvertToDataSector
 0BF2:000A       _ConvertUserPath
 0DEE:0008       _CreateBitField
 0ADE:0003       _CreateFileChain
 0000:04F8       _ctime
 082E:016F       _DataSectorToCluster
 0E0D:0AC6       _daylight
 0DEE:006D       _DestroyBitfield
 056E:0551       _DestroyClusterReferenceList
 0733:06DC       _DetermineFATType
 0920:0335       _DirectoryEquals
 0DCF:0001       _disk_read
 0DCF:004E       _disk_read_ext
 0DDB:0002       _disk_write_ext
 0000:16E8       _dostounix
 0D96:0114       _DOStoXMSmove
 0DB0:0075       _EMSalloc
 0DB0:0000       _EMSbaseaddress
 0DB0:0090       _EMSfree
 0DB0:00AB       _EMSmap
 0DB0:0060       _EMSpages
 0DB0:004B       _EMSstatus
 0DB0:0034       _EMSversion
 0C7B:024A       _EnsureBlockMapped
 07EF:028E       _EntryLength
 0E0D:0B7E       _environ
 0000:1D8C       _eof
 0E0D:007D       _errno
 0000:0C77       _exit
 0989:0009       _ExtendedAbsReadWrite
 0ADE:00E4       _ExtendFileChain
 0000:391E       _farfree
 0000:3A0E       _farmalloc
 0000:3B6E       _farrealloc
 0000:0DC8       _fflush
 0000:1ECA       _fgetc
 0000:1FB6       _fgetchar
 082E:0773       _FileTraverseFat
 0A2E:0004       _FindClusterInDirectories
 0A47:000C       _FindClusterInFAT
 0A58:0007       _FindFirstFreeSpace
 0A58:01BF       _FindNextFreeSpace
 0000:0E98       _flushall
 0000:1092       _fputc
 0000:11EE       _fputchar
 0000:391E       _free
 0DE2:0079       _FreeBootSector
 0DE2:0098       _FreeDirectoryEntry
 0DE2:00B7       _FreeFSInfo
 0DE2:005A       _FreeSectors
 0000:0F5F       _fseek
 0DE2:0006       _FTEAlloc
 0DE2:0022       _FTEFree
 0000:0FDF       _ftell
 0733:03EF       _GetBiosDriveNumber
 0DEE:0111       _GetBitfieldBit
 0733:064B       _GetBPBFileSystemString
 0733:05BA       _GetBPBVolumeLabel
 082E:0DCF       _GetBytesInFat
 0733:0339       _GetClustersInDataArea
 082E:0098       _GetDataAreaStart
 0000:102F       _getdate
 0000:2065       _getdfree
 0920:02D7       _GetDirectory
 07EF:000E       _GetDirectoryStart
 0733:0529       _GetDiskSerialNumber
 0000:1FC2       _getenv
 0000:2047       _getfat
 0733:0872       _GetFAT32BackupBootSector
 0733:082C       _GetFAT32RootCluster
 0989:008C       _GetFAT32SectorSize
 0733:07D8       _GetFAT32Version
 0000:2032       _getfatd
 082E:001C       _GetFatLabelSize
 082E:0008       _GetFatStart
 07EF:025C       _GetFirstCluster
 0CB5:08F7       _GetFirstDirtyTag
 0962:0129       _GetFreeClusterSearchStart
 0733:0852       _GetFSInfoSector
 091E:000C       _GetFTEerror
 0733:03D8       _GetLabelsInFat
 0C7B:0157       _GetLogicalBlockAddress
 0C7B:016E       _GetMappedPhysicalBlock
 0733:028D       _GetMediaDescriptor
 0CB5:09A0       _GetNextDirtyTag
 0A92:0008       _GetNthCluster
 0AA9:0009       _GetNthDirectoryPosition
 0AA9:01BF       _GetNthDirectorySector
 0AA9:022C       _GetNthSubDirectoryPosition
 0733:024D       _GetNumberOfFats
 0962:01E4       _GetNumberOfFreeClusters
 0733:026D       _GetNumberOfRootEntries
 0733:02AD       _GetNumberOfSectors
 0C5E:00AC       _GetPhysicalMemType
 0C27:0006       _GetPreviousDir
 0733:0319       _GetReadWriteHeads
 06B3:07F0       _GetReadWriteModus
 0733:022D       _GetReservedSectors
 07EF:019D       _GetRootDirPosition
 0733:0207       _GetSectorsPerCluster
 0733:02D3       _GetSectorsPerFat
 0733:02F9       _GetSectorsPerTrack
 0000:1042       _gettime
 0000:044E       _gmtime
 0826:000A       _HasAllFloppyForm
 0826:0050       _HasFloppyForm
 0402:07E5       _HasValidDots
 0733:08EE       _IndicateVolumeDataFilled
 0733:08C6       _IndicateVolumeDataFilled_NT
 0C7B:0005       _InitialiseLogicalCache
 0CB5:016C       _InitialisePerBlockCaching
 0C5E:0001       _InitialisePhysicalCache
 06B3:0775       _InitReadSectors
 06B3:0743       _InitReadWriteSectors
 0C4C:000B       _InitSectorCache
 0DBC:000D       _InstallWriteFunction
 0000:2087       _int86
 0000:20B8       _int86x
 0000:2151       _intdos
 0000:217F       _intdosx
 0402:0008       _IntelligentWalkDirectoryTree
 0CB5:081D       _InvalidateBlockCache
 0733:01F4       _InvalidateBootInfo
 0C4C:00DC       _InvalidateCache
 082E:0DC1       _InvalidateFatCache
 0000:21DF       _ioctl
 0000:2245       _isatty
 0C5E:010D       _IsEMSCached
 082E:0DFE       _IsLabelValid
 082E:0E95       _IsLabelValidInFile
 07EF:01F3       _IsRootDirPosition
 05EA:0A1A       _IsStartOfChain
 0733:04FF       _IsVolumeDataFilled
 0733:0514       _IsVolumeDataFilled_NT
 06B3:07FC       _IsWorkingOnImageFile
 0000:2301       _itoa
 0E0D:04E4       _LastReadBufferSector
 082E:0559       _LinearTraverseFat
 0000:0467       _localtime
 0B7B:000D       _LocateFilePosition
 0B7B:016D       _LocatePathPosition
 07EF:02AC       _LocatePreviousDir
 0B7B:0192       _LocateRelPathPosition
 0C4C:0029       _LockSectorCache
 0B6C:0009       _LoFileNameExists
 0000:2256       _lseek
 0000:2348       _ltoa
 03F2:0014       _main
 0C27:0152       _MakeAbsolutePath
 0000:3A04       _malloc
 05EA:08FA       _MarkChainAsRefered
 0BD8:0008       _MatchWildcard
 0000:2370       _memcmp
 0000:2398       _memcpy
 0000:23E0       _memset
 0000:06A0       _mktime
 099A:00B8       _MultipleBootCheck
 0000:242C       _open
 0AA9:0147       _positiongetter
 0000:1055       _printf
 0733:046D       _PrivateIsVolumeDataFilled
 0000:25CA       _read
 0733:0118       _ReadBootSector
 0733:01A0       _ReadBootSectorIfNeeded
 07EF:0088       _ReadDirEntry
 082E:0945       _ReadFatLabel
 0962:0000       _ReadFSInfo
 06B3:0228       _ReadSectors
 06B3:03EB       _ReadSectorsAddress
 0000:3B67       _realloc
 04A5:000D       _RecoverDisk
 04F9:000C       _RecoverFile
 04F9:05FF       _RecoverFileChain
 0C5E:01AE       _RemapEMSBlock
 0C5E:012C       _RemapXMSBlock
 0CB5:0602       _RetreiveBlockSector
 0C4C:0094       _RetreiveCachedSector
 0000:13AD       _scanf
 0000:2D5D       _segread
 0DEE:0087       _SetBitfieldBit
 0000:2D7D       _setblock
 0000:2D99       _setdate
 07EF:0275       _SetFirstCluster
 091E:0014       _SetFTEerror
 0000:23BC       _setmem
 0000:2DAE       _settime
 0000:1449       _setvbuf
 0000:15A8       _sprintf
 0C4C:003F       _StartSectorCache
 0000:15EB       _stime
 0C4C:004A       _StopSectorCache
 0000:2DC3       _strcat
 0000:2E02       _strchr
 0000:2E3F       _strcpy
 0000:0700       _strftime
 0000:2E68       _stricmp
 0000:2EA9       _strlen
 0000:2EC8       _strncpy
 0000:2EF9       _strnicmp
 0000:1683       _strrchr
 0AA9:0286       _SubdirGetter
 0920:000A       _SubdirTraverser
 0DEE:0147       _SwapBitfieldBits
 0F03:0000       _SwitchChar
 099A:052C       _SynchronizeFATs
 0000:16CE       _tell
 0000:162B       _time
 0E0D:0AC2       _timezone
 0000:1A19       _toupper
 0920:00EC       _TraverseRootDir
 0920:0257       _TraverseSubdir
 0499:000F       _Truename
 056E:0008       _TruncateCrossLinkedFiles
 0E0D:0ABA       _tzname
 0000:2F3D       _tzset
 0000:232B       _ultoa
 0CB5:073C       _UncacheBlockSector
 0C4C:00BD       _UncacheSector
 0000:320B       _ungetc
 0DBC:0057       _UninstallWriteFunction
 0000:1815       _unixtodos
 0C4C:0034       _UnlockSectorCache
 03F2:0003       _Usage
 0000:15CA       _vsprintf
 09F3:0002       _WalkDirectoryTree
 0BB0:000D       _WalkWildcardPath
 0000:1A45       _write
 0CB5:0DD1       _WriteBackCache
 0DBC:00DF       _WriteBackSectors
 0733:09C1       _WriteBiosDriveNumber
 0733:015A       _WriteBootSector
 0733:0B14       _WriteBPBFileSystemString
 0733:0A9D       _WriteBPBVolumeLabel
 0920:035D       _WriteDirectory
 07EF:015C       _WriteDirEntry
 0733:09ED       _WriteDiskSerialNumber
 0733:0BBF       _WriteFAT32BackupBootSector
 0733:0B9A       _WriteFAT32RootCluster
 0733:0B8B       _WriteFAT32Version
 082E:0A3C       _WriteFatLabel
 0962:0261       _WriteFreeClusterCount
 0962:0249       _WriteFreeClusterStart
 0962:0046       _WriteFSInfo
 0733:0BB0       _WriteFSInfoSector
 0E0D:0E16       _WriteFuncs
 0733:0952       _WriteMediaDescriptor
 0733:0943       _WriteNumberOfFats
 0733:0916       _WriteNumberOfRootEntries
 0733:0961       _WriteNumberOfSectors
 0733:09B2       _WriteReadWriteHeads
 0733:0934       _WriteReservedSectors
 06B3:043A       _WriteSectors
 0733:0925       _WriteSectorsPerCluster
 0733:0970       _WriteSectorsPerFat
 0733:09A3       _WriteSectorsPerTrack
 0D96:000E       _XMMinit
 0D96:0086       _XMSalloc
 0D96:005B       _XMScoreleft
 0D96:00CC       _XMSfree
 0D96:000E       _XMSinit
 0D96:015A       _XMStoDOSmove
 0000:1000  Abs  __AHINCR
 0000:000C  Abs  __AHSHIFT
 0E0D:0B6E       __argc
 0E0D:0B70       __argv
 0E0D:050A       __atexitcnt
 0E0D:0E1E       __atexittbl
 0000:0D1C       __brk
 0E0D:0087       __brklvl
 0E0D:0069       __C0argc
 0E0D:006B       __C0argv
 0E0D:006F       __C0environ
 0000:1D51       __chmod
 0000:1D6E       __close
 0E0D:06E2       __ctype
 0000:0000  Abs  __cvtfak
 0E0D:09C4       __doserrno
 0E0D:09C6       __dosErrorToSV
 0E0D:0073       __envLng
 0E0D:0075       __envseg
 0E0D:0077       __envSize
 0000:011A       __exit
 0E0D:07E4       __exitbuf
 0000:00FA       __exitclean
 0E0D:07E8       __exitfopen
 0E0D:07EC       __exitopen
 0000:1EAC       __fgetc
 0E0D:09AA       __fmode
 0000:1070       __fputc
 0000:1205       __FPUTN
 0E0D:0083       __heapbase
 0E0D:008B       __heaptop
 0E0D:0059       __Int0Vector
 0E0D:005D       __Int4Vector
 0E0D:0061       __Int5Vector
 0E0D:0065       __Int6Vector
 0000:2208       __IOERROR
 0000:3129       __ISDST
 0000:227F       __LONGTOA
 0000:0208       __MMODEL
 0E0D:0AA0       __monthDay
 0000:1EC7       __Nfgetc
 0E0D:09AC       __notUmask
 0000:3208       __Nungetc
 0000:257C       __open
 0E0D:0982       __openfd
 0E0D:007B       __osmajor
 0E0D:007C       __osminor
 0E0D:0079       __psp
 0000:2688       __read
 0000:3D9A       __REALCVT
 0E0D:0B82       __RealCvtVector
 0000:0178       __restorezero
 0000:0D5B       __sbrk
 0000:26A4       __scanner
 0000:3DA6       __scanpop
 0000:3DA2       __scanrslt
 0000:3D9E       __scantod
 0E0D:0B84       __ScanTodVector
 0000:2BBB       __scantol
 0000:0000  Abs  __setargv__
 0000:0000  Abs  __setenvp__
 0000:13D0       __setupio
 0E0D:007F       __StartTime
 0E0D:09B4       __stklen
 0E0D:07F2       __streams
 0E0D:007B       __version
 0000:328F       __VPRINTER
 0000:3767       __write
 0000:1B72       __xfflush
 0000:37E0       ___first
 0000:37E2       ___last
 0000:37E4       ___rover

  Address         Publics by Value

 0000:0000  Abs  __setargv__
 0000:0000  Abs  __cvtfak
 0000:0000  Abs  __setenvp__
 0000:000C  Abs  __AHSHIFT
 0000:1000  Abs  __AHINCR
 0000:00FA       __exitclean
 0000:011A       __exit
 0000:0178       __restorezero
 0000:01F0       _abort
 0000:0206       DGROUP@
 0000:0208       __MMODEL
 0000:020A       _atexit
 0000:0237       _close
 0000:044E       _gmtime
 0000:0467       _localtime
 0000:049F       _asctime
 0000:04F8       _ctime
 0000:06A0       _mktime
 0000:0700       _strftime
 0000:0C77       _exit
 0000:0D1C       __brk
 0000:0D5B       __sbrk
 0000:0DC8       _fflush
 0000:0E98       _flushall
 0000:0F5F       _fseek
 0000:0FDF       _ftell
 0000:102F       _getdate
 0000:1042       _gettime
 0000:1055       _printf
 0000:1070       __fputc
 0000:1092       _fputc
 0000:11EE       _fputchar
 0000:1205       __FPUTN
 0000:13AD       _scanf
 0000:13D0       __setupio
 0000:1449       _setvbuf
 0000:15A8       _sprintf
 0000:15CA       _vsprintf
 0000:15EB       _stime
 0000:162B       _time
 0000:1683       _strrchr
 0000:16CE       _tell
 0000:16E8       _dostounix
 0000:1815       _unixtodos
 0000:1A19       _toupper
 0000:1A45       _write
 0000:1B72       __xfflush
 0000:1BFD       _absread
 0000:1C64       _abswrite
 0000:1CCB       _atol
 0000:1D40       _atoi
 0000:1D51       __chmod
 0000:1D6E       __close
 0000:1D8C       _eof
 0000:1EAC       __fgetc
 0000:1EC7       __Nfgetc
 0000:1ECA       _fgetc
 0000:1FB6       _fgetchar
 0000:1FC2       _getenv
 0000:2032       _getfatd
 0000:2047       _getfat
 0000:2065       _getdfree
 0000:2087       _int86
 0000:20B8       _int86x
 0000:2151       _intdos
 0000:217F       _intdosx
 0000:21DF       _ioctl
 0000:2208       __IOERROR
 0000:2245       _isatty
 0000:2256       _lseek
 0000:227F       __LONGTOA
 0000:2301       _itoa
 0000:232B       _ultoa
 0000:2348       _ltoa
 0000:2370       _memcmp
 0000:2398       _memcpy
 0000:23BC       _setmem
 0000:23E0       _memset
 0000:242C       _open
 0000:257C       __open
 0000:25CA       _read
 0000:2688       __read
 0000:26A4       __scanner
 0000:2BBB       __scantol
 0000:2D5D       _segread
 0000:2D7D       _setblock
 0000:2D99       _setdate
 0000:2DAE       _settime
 0000:2DC3       _strcat
 0000:2E02       _strchr
 0000:2E3F       _strcpy
 0000:2E68       _stricmp
 0000:2EA9       _strlen
 0000:2EC8       _strncpy
 0000:2EF9       _strnicmp
 0000:2F3D       _tzset
 0000:3129       __ISDST
 0000:3208       __Nungetc
 0000:320B       _ungetc
 0000:328F       __VPRINTER
 0000:3767       __write
 0000:37E0       ___first
 0000:37E2       ___last
 0000:37E4       ___rover
 0000:391E       _free
 0000:391E       _farfree
 0000:3A04       _malloc
 0000:3A0E       _farmalloc
 0000:3B67       _realloc
 0000:3B6E       _farrealloc
 0000:3BDC       F_LXMUL@
 0000:3BDC       LXMUL@
 0000:3BF3       N_LDIV@
 0000:3BF6       F_LDIV@
 0000:3BF6       LDIV@
 0000:3BFA       N_LUDIV@
 0000:3BFD       F_LUDIV@
 0000:3BFD       LUDIV@
 0000:3C02       N_LMOD@
 0000:3C05       F_LMOD@
 0000:3C05       LMOD@
 0000:3C0A       N_LUMOD@
 0000:3C0D       F_LUMOD@
 0000:3C0D       LUMOD@
 0000:3CA1       N_LXLSH@
 0000:3CA4       F_LXLSH@
 0000:3CA4       LXLSH@
 0000:3CC2       N_LXURSH@
 0000:3CC5       F_LXURSH@
 0000:3CC5       LXURSH@
 0000:3CE3       N_PADD@
 0000:3CE6       F_PADD@
 0000:3CE6       PADD@
 0000:3D12       N_PSUB@
 0000:3D15       F_PSUB@
 0000:3D15       PSUB@
 0000:3D43       N_SCOPY@
 0000:3D46       F_SCOPY@
 0000:3D46       SCOPY@
 0000:3D62       N_LXMUL@
 0000:3D79       N_PCMP@
 0000:3D9A       __REALCVT
 0000:3D9E       __scantod
 0000:3DA2       __scanrslt
 0000:3DA6       __scanpop
 03F2:0003       _Usage
 03F2:0014       _main
 03FF:0004       _addsep
 0402:0008       _IntelligentWalkDirectoryTree
 0402:07E5       _HasValidDots
 0499:000F       _Truename
 04A5:000D       _RecoverDisk
 04F9:000C       _RecoverFile
 04F9:05FF       _RecoverFileChain
 056E:0008       _TruncateCrossLinkedFiles
 056E:0551       _DestroyClusterReferenceList
 056E:06C6       _AdjustFileSize
 05EA:0008       _ConvertLostClustersToFiles
 05EA:08FA       _MarkChainAsRefered
 05EA:0A1A       _IsStartOfChain
 06B3:0228       _ReadSectors
 06B3:03EB       _ReadSectorsAddress
 06B3:043A       _WriteSectors
 06B3:0743       _InitReadWriteSectors
 06B3:0775       _InitReadSectors
 06B3:07A7       _CloseReadWriteSectors
 06B3:07F0       _GetReadWriteModus
 06B3:07FC       _IsWorkingOnImageFile
 0733:0118       _ReadBootSector
 0733:015A       _WriteBootSector
 0733:01A0       _ReadBootSectorIfNeeded
 0733:01F4       _InvalidateBootInfo
 0733:0207       _GetSectorsPerCluster
 0733:022D       _GetReservedSectors
 0733:024D       _GetNumberOfFats
 0733:026D       _GetNumberOfRootEntries
 0733:028D       _GetMediaDescriptor
 0733:02AD       _GetNumberOfSectors
 0733:02D3       _GetSectorsPerFat
 0733:02F9       _GetSectorsPerTrack
 0733:0319       _GetReadWriteHeads
 0733:0339       _GetClustersInDataArea
 0733:03D8       _GetLabelsInFat
 0733:03EF       _GetBiosDriveNumber
 0733:046D       _PrivateIsVolumeDataFilled
 0733:04FF       _IsVolumeDataFilled
 0733:0514       _IsVolumeDataFilled_NT
 0733:0529       _GetDiskSerialNumber
 0733:05BA       _GetBPBVolumeLabel
 0733:064B       _GetBPBFileSystemString
 0733:06DC       _DetermineFATType
 0733:07D8       _GetFAT32Version
 0733:082C       _GetFAT32RootCluster
 0733:0852       _GetFSInfoSector
 0733:0872       _GetFAT32BackupBootSector
 0733:08C6       _IndicateVolumeDataFilled_NT
 0733:08EE       _IndicateVolumeDataFilled
 0733:0916       _WriteNumberOfRootEntries
 0733:0925       _WriteSectorsPerCluster
 0733:0934       _WriteReservedSectors
 0733:0943       _WriteNumberOfFats
 0733:0952       _WriteMediaDescriptor
 0733:0961       _WriteNumberOfSectors
 0733:0970       _WriteSectorsPerFat
 0733:09A3       _WriteSectorsPerTrack
 0733:09B2       _WriteReadWriteHeads
 0733:09C1       _WriteBiosDriveNumber
 0733:09ED       _WriteDiskSerialNumber
 0733:0A27       _CalculateNewSerialNumber
 0733:0A9D       _WriteBPBVolumeLabel
 0733:0B14       _WriteBPBFileSystemString
 0733:0B8B       _WriteFAT32Version
 0733:0B9A       _WriteFAT32RootCluster
 0733:0BB0       _WriteFSInfoSector
 0733:0BBF       _WriteFAT32BackupBootSector
 07EF:000E       _GetDirectoryStart
 07EF:0088       _ReadDirEntry
 07EF:015C       _WriteDirEntry
 07EF:019D       _GetRootDirPosition
 07EF:01F3       _IsRootDirPosition
 07EF:025C       _GetFirstCluster
 07EF:0275       _SetFirstCluster
 07EF:028E       _EntryLength
 07EF:02AC       _LocatePreviousDir
 0826:000A       _HasAllFloppyForm
 0826:0050       _HasFloppyForm
 082E:0008       _GetFatStart
 082E:001C       _GetFatLabelSize
 082E:0098       _GetDataAreaStart
 082E:016F       _DataSectorToCluster
 082E:0203       _ConvertToDataSector
 082E:0559       _LinearTraverseFat
 082E:0773       _FileTraverseFat
 082E:0945       _ReadFatLabel
 082E:0A3C       _WriteFatLabel
 082E:0DC1       _InvalidateFatCache
 082E:0DCF       _GetBytesInFat
 082E:0DFE       _IsLabelValid
 082E:0E95       _IsLabelValidInFile
 091E:000C       _GetFTEerror
 091E:0014       _SetFTEerror
 091E:001F       _ClearFTEerror
 0920:000A       _SubdirTraverser
 0920:00EC       _TraverseRootDir
 0920:0257       _TraverseSubdir
 0920:02D7       _GetDirectory
 0920:0335       _DirectoryEquals
 0920:035D       _WriteDirectory
 0962:0000       _ReadFSInfo
 0962:0046       _WriteFSInfo
 0962:0090       _CheckFSInfo
 0962:0129       _GetFreeClusterSearchStart
 0962:01E4       _GetNumberOfFreeClusters
 0962:0249       _WriteFreeClusterStart
 0962:0261       _WriteFreeClusterCount
 0989:0009       _ExtendedAbsReadWrite
 0989:008C       _GetFAT32SectorSize
 099A:0009       _BackupBoot
 099A:00B8       _MultipleBootCheck
 099A:0516       _BackupFat
 099A:052C       _SynchronizeFATs
 09F3:0002       _WalkDirectoryTree
 0A2E:0004       _FindClusterInDirectories
 0A47:000C       _FindClusterInFAT
 0A58:0007       _FindFirstFreeSpace
 0A58:01BF       _FindNextFreeSpace
 0A92:0008       _GetNthCluster
 0AA9:0009       _GetNthDirectoryPosition
 0AA9:0147       _positiongetter
 0AA9:01BF       _GetNthDirectorySector
 0AA9:022C       _GetNthSubDirectoryPosition
 0AA9:0286       _SubdirGetter
 0ADE:0003       _CreateFileChain
 0ADE:00E4       _ExtendFileChain
 0ADE:0328       _AddDirectory
 0B6C:0009       _LoFileNameExists
 0B7B:000D       _LocateFilePosition
 0B7B:016D       _LocatePathPosition
 0B7B:0192       _LocateRelPathPosition
 0BB0:000D       _WalkWildcardPath
 0BD8:0008       _MatchWildcard
 0BF2:000A       _ConvertUserPath
 0BF2:02BD       _ConvertEntryPath
 0C27:0006       _GetPreviousDir
 0C27:0152       _MakeAbsolutePath
 0C4C:000B       _InitSectorCache
 0C4C:0018       _CloseSectorCache
 0C4C:0029       _LockSectorCache
 0C4C:0034       _UnlockSectorCache
 0C4C:003F       _StartSectorCache
 0C4C:004A       _StopSectorCache
 0C4C:0055       _CacheIsCorrupt
 0C4C:0064       _CacheSector
 0C4C:0094       _RetreiveCachedSector
 0C4C:00BD       _UncacheSector
 0C4C:00DC       _InvalidateCache
 0C4C:00EF       _CacheActive
 0C4C:0117       _CommitCache
 0C5E:0001       _InitialisePhysicalCache
 0C5E:008D       _ClosePhysicalCache
 0C5E:00AC       _GetPhysicalMemType
 0C5E:010D       _IsEMSCached
 0C5E:012C       _RemapXMSBlock
 0C5E:01AE       _RemapEMSBlock
 0C7B:0005       _InitialiseLogicalCache
 0C7B:0129       _CloseLogicalCache
 0C7B:0157       _GetLogicalBlockAddress
 0C7B:016E       _GetMappedPhysicalBlock
 0C7B:024A       _EnsureBlockMapped
 0CB5:016C       _InitialisePerBlockCaching
 0CB5:01E3       _ClosePerBlockCaching
 0CB5:020B       _CacheBlockSector
 0CB5:0602       _RetreiveBlockSector
 0CB5:073C       _UncacheBlockSector
 0CB5:081D       _InvalidateBlockCache
 0CB5:08F7       _GetFirstDirtyTag
 0CB5:09A0       _GetNextDirtyTag
 0CB5:0DD1       _WriteBackCache
 0D96:000E       _XMSinit
 0D96:000E       _XMMinit
 0D96:005B       _XMScoreleft
 0D96:0086       _XMSalloc
 0D96:00CC       _XMSfree
 0D96:0114       _DOStoXMSmove
 0D96:015A       _XMStoDOSmove
 0DB0:0000       _EMSbaseaddress
 0DB0:0034       _EMSversion
 0DB0:004B       _EMSstatus
 0DB0:0060       _EMSpages
 0DB0:0075       _EMSalloc
 0DB0:0090       _EMSfree
 0DB0:00AB       _EMSmap
 0DBC:000D       _InstallWriteFunction
 0DBC:0057       _UninstallWriteFunction
 0DBC:00DF       _WriteBackSectors
 0DCF:0001       _disk_read
 0DCF:004E       _disk_read_ext
 0DDB:0002       _disk_write_ext
 0DE2:0006       _FTEAlloc
 0DE2:0022       _FTEFree
 0DE2:0034       _AllocateSector
 0DE2:0045       _AllocateSectors
 0DE2:005A       _FreeSectors
 0DE2:006B       _AllocateBootSector
 0DE2:0079       _FreeBootSector
 0DE2:008A       _AllocateDirectoryEntry
 0DE2:0098       _FreeDirectoryEntry
 0DE2:00A9       _AllocateFSInfo
 0DE2:00B7       _FreeFSInfo
 0DEE:0008       _CreateBitField
 0DEE:006D       _DestroyBitfield
 0DEE:0087       _SetBitfieldBit
 0DEE:00CB       _ClearBitfieldBit
 0DEE:0111       _GetBitfieldBit
 0DEE:0147       _SwapBitfieldBits
 0E0D:0000       DATASEG@
 0E0D:0059       __Int0Vector
 0E0D:005D       __Int4Vector
 0E0D:0061       __Int5Vector
 0E0D:0065       __Int6Vector
 0E0D:0069       __C0argc
 0E0D:006B       __C0argv
 0E0D:006F       __C0environ
 0E0D:0073       __envLng
 0E0D:0075       __envseg
 0E0D:0077       __envSize
 0E0D:0079       __psp
 0E0D:007B       __osmajor
 0E0D:007B       __version
 0E0D:007C       __osminor
 0E0D:007D       _errno
 0E0D:007F       __StartTime
 0E0D:0083       __heapbase
 0E0D:0087       __brklvl
 0E0D:008B       __heaptop
 0E0D:04E4       _LastReadBufferSector
 0E0D:050A       __atexitcnt
 0E0D:06E2       __ctype
 0E0D:07E4       __exitbuf
 0E0D:07E8       __exitfopen
 0E0D:07EC       __exitopen
 0E0D:07F2       __streams
 0E0D:0982       __openfd
 0E0D:09AA       __fmode
 0E0D:09AC       __notUmask
 0E0D:09B4       __stklen
 0E0D:09C4       __doserrno
 0E0D:09C6       __dosErrorToSV
 0E0D:0AA0       __monthDay
 0E0D:0ABA       _tzname
 0E0D:0AC2       _timezone
 0E0D:0AC6       _daylight
 0E0D:0B6E       __argc
 0E0D:0B70       __argv
 0E0D:0B7E       _environ
 0E0D:0B82       __RealCvtVector
 0E0D:0B84       __ScanTodVector
 0E0D:0E16       _WriteFuncs
 0E0D:0E1E       __atexittbl
 0F03:0000       _SwitchChar

Program entry point at 0000:0000

