
 Start  Stop   Length Name               Class

 00000H 02F80H 02F81H _TEXT              CODE
 02F90H 03997H 00A08H _DATA              DATA
 03998H 0399BH 00004H _EMUSEG            DATA
 0399CH 0399DH 00002H _CRTSEG            DATA
 0399EH 0399EH 00000H _CVTSEG            DATA
 0399EH 0399EH 00000H _SCNSEG            DATA
 0399EH 0B80FH 07E72H _BSS               BSS
 0B810H 0B810H 00000H _BSSEND            STACK

  Address         Publics by Name

 0000:02D6       DGROUP@
 0000:30FF       emws_adjust
 0000:3103       emws_BPsafe
 0000:30FB       emws_control
 0000:3101       emws_fixSeg
 0000:30E5       emws_initialSP
 0000:3025       emws_limitSP
 0000:30F5       emws_nmiVector
 0000:30F1       emws_saveVector
 0000:3105       emws_stamp
 0000:30F9       emws_status
 0000:30FD       emws_TOS
 0000:3109       emws_version
 0000:2E75       LXLSH@
 0000:2E94       LXURSH@
 0000:2EE0       SCOPY@
 0000:02C0       _abort
 0000:2EFC       _absread
 0000:2F22       _abswrite
 0000:2077       _againprompt
 0000:28CF       _atexit
 0000:2403       _bioschecksumdrive
 0000:2F48       _biosdisk
 0000:20DD       _biosreaddriveinfo
 0000:2A9F       _brk
 0000:39C2       _bufferpool
 0000:2E44       _chdir
 0000:03BE       _check
 0000:05A9       _checkdigests
 0000:39AC       _checkonlyeightsectors
 0000:39AE       _checkonlyfourtytracks
 0000:B7C8       _checkonlyoneside
 0000:2586       _doschecksumdrive
 0000:2277       _dosreaddriveinfo
 0000:399E       _drive
 0000:1F8A       _drivelettercheck
 0000:1DBD       _ensureDMA
 0000:2FFF       _environ
 0000:300B       _errno
 0000:2765       _exit
 0000:2E5C       _getdisk
 0000:B7C2       _headcount
 0000:2D9A       _itoa
 0000:2CF0       _lseek
 0000:2DDF       _ltoa
 0000:0472       _main
 0000:29D4       _malloc
 0000:1C2D       _md5_append
 0000:1D21       _md5_finish
 0000:1BEC       _md5_init
 0000:2EB3       _memcmp
 0000:2E23       _memcpy
 0000:204A       _mygetch
 0000:39B0       _numbuf
 0000:02D8       _printDigests
 0000:0469       _printusage
 0000:23D6       _promptfordisk
 0000:05DE       _PutString
 0000:2ABF       _read
 0000:2AAD       _sbrk
 0000:39AA       _secpertrackcount
 0000:B7C6       _sectorbuffer
 0000:2E65       _setdisk
 0000:2E06       _strlen
 0000:B7C4       _trackcount
 0000:2DC3       _ultoa
 0000:39C0       _usebios
 0000:2B97       _write
 0000:300D       __8087
 0000:2FFB       __argc
 0000:2FFD       __argv
 0000:396E       __atexitcnt
 0000:B7CA       __atexittbl
 0000:301D       __brklvl
 0000:3908       __doserrno
 0000:390A       __dosErrorToSV
 0000:3001       __envLng
 0000:3003       __envseg
 0000:3005       __envSize
 0000:0220       __exit
 0000:3964       __exitbuf
 0000:3966       __exitfopen
 0000:3968       __exitopen
 0000:3019       __heapbase
 0000:396A       __heaplen
 0000:3021       __heaptop
 0000:2FEB       __Int0Vector
 0000:2FEF       __Int4Vector
 0000:2FF3       __Int5Vector
 0000:2FF7       __Int6Vector
 0000:2729       __IOERROR
 0000:2D1B       __LONGTOA
 0000:3970       __openfd
 0000:3009       __osmajor
 0000:300A       __osminor
 0000:3007       __psp
 0000:2B7B       __read
 0000:399E       __RealCvtVector
 0000:0283       __restorezero
 0000:399E       __ScanTodVector
 0000:279A       __setargv
 0000:2885       __setenvp
 0000:300F       __StartTime
 0000:396C       __stklen
 0000:3009       __version
 0000:2CAA       __write
 0000:2A47       ___brk
 0000:3015       ___brklvl
 0000:B80E       ___first
 0000:3013       ___heapbase
 0000:3017       ___heaptop
 0000:B80A       ___last
 0000:28F5       ___pull_free_block
 0000:B80C       ___rover
 0000:2A6B       ___sbrk

  Address         Publics by Value

 0000:0220       __exit
 0000:0283       __restorezero
 0000:02C0       _abort
 0000:02D6       DGROUP@
 0000:02D8       _printDigests
 0000:03BE       _check
 0000:0469       _printusage
 0000:0472       _main
 0000:05A9       _checkdigests
 0000:05DE       _PutString
 0000:1BEC       _md5_init
 0000:1C2D       _md5_append
 0000:1D21       _md5_finish
 0000:1DBD       _ensureDMA
 0000:1F8A       _drivelettercheck
 0000:204A       _mygetch
 0000:2077       _againprompt
 0000:20DD       _biosreaddriveinfo
 0000:2277       _dosreaddriveinfo
 0000:23D6       _promptfordisk
 0000:2403       _bioschecksumdrive
 0000:2586       _doschecksumdrive
 0000:2729       __IOERROR
 0000:2765       _exit
 0000:279A       __setargv
 0000:2885       __setenvp
 0000:28CF       _atexit
 0000:28F5       ___pull_free_block
 0000:29D4       _malloc
 0000:2A47       ___brk
 0000:2A6B       ___sbrk
 0000:2A9F       _brk
 0000:2AAD       _sbrk
 0000:2ABF       _read
 0000:2B7B       __read
 0000:2B97       _write
 0000:2CAA       __write
 0000:2CF0       _lseek
 0000:2D1B       __LONGTOA
 0000:2D9A       _itoa
 0000:2DC3       _ultoa
 0000:2DDF       _ltoa
 0000:2E06       _strlen
 0000:2E23       _memcpy
 0000:2E44       _chdir
 0000:2E5C       _getdisk
 0000:2E65       _setdisk
 0000:2E75       LXLSH@
 0000:2E94       LXURSH@
 0000:2EB3       _memcmp
 0000:2EE0       SCOPY@
 0000:2EFC       _absread
 0000:2F22       _abswrite
 0000:2F48       _biosdisk
 0000:2FEB       __Int0Vector
 0000:2FEF       __Int4Vector
 0000:2FF3       __Int5Vector
 0000:2FF7       __Int6Vector
 0000:2FFB       __argc
 0000:2FFD       __argv
 0000:2FFF       _environ
 0000:3001       __envLng
 0000:3003       __envseg
 0000:3005       __envSize
 0000:3007       __psp
 0000:3009       __version
 0000:3009       __osmajor
 0000:300A       __osminor
 0000:300B       _errno
 0000:300D       __8087
 0000:300F       __StartTime
 0000:3013       ___heapbase
 0000:3015       ___brklvl
 0000:3017       ___heaptop
 0000:3019       __heapbase
 0000:301D       __brklvl
 0000:3021       __heaptop
 0000:3025       emws_limitSP
 0000:30E5       emws_initialSP
 0000:30F1       emws_saveVector
 0000:30F5       emws_nmiVector
 0000:30F9       emws_status
 0000:30FB       emws_control
 0000:30FD       emws_TOS
 0000:30FF       emws_adjust
 0000:3101       emws_fixSeg
 0000:3103       emws_BPsafe
 0000:3105       emws_stamp
 0000:3109       emws_version
 0000:3908       __doserrno
 0000:390A       __dosErrorToSV
 0000:3964       __exitbuf
 0000:3966       __exitfopen
 0000:3968       __exitopen
 0000:396A       __heaplen
 0000:396C       __stklen
 0000:396E       __atexitcnt
 0000:3970       __openfd
 0000:399E       __ScanTodVector
 0000:399E       __RealCvtVector
 0000:399E       _drive
 0000:39AA       _secpertrackcount
 0000:39AC       _checkonlyeightsectors
 0000:39AE       _checkonlyfourtytracks
 0000:39B0       _numbuf
 0000:39C0       _usebios
 0000:39C2       _bufferpool
 0000:B7C2       _headcount
 0000:B7C4       _trackcount
 0000:B7C6       _sectorbuffer
 0000:B7C8       _checkonlyoneside
 0000:B7CA       __atexittbl
 0000:B80A       ___last
 0000:B80C       ___rover
 0000:B80E       ___first


