
 Start  Stop   Length Name               Class

 00000H 0A132H 0A133H _TEXT              CODE
 0A140H 0F4DDH 0539EH _DATA              DATA
 0F4DEH 0F4E1H 00004H _EMUSEG            DATA
 0F4E2H 0F4E3H 00002H _CRTSEG            DATA
 0F4E4H 0F4E4H 00000H _CVTSEG            DATA
 0F4E4H 0F4E4H 00000H _SCNSEG            DATA
 0F4E4H 1619FH 06CBCH _BSS               BSS
 161A0H 161A0H 00000H _BSSEND            STACK
 161A0H 1621FH 00080H _STACK             STACK

  Address         Publics by Name

 0000:01F8       DGROUP@
 0A14:0188       emws_adjust
 0A14:018C       emws_BPsafe
 0A14:0184       emws_control
 0A14:018A       emws_fixSeg
 0A14:016E       emws_initialSP
 0A14:00AE       emws_limitSP
 0A14:017E       emws_nmiVector
 0A14:017A       emws_saveVector
 0A14:018E       emws_stamp
 0A14:0182       emws_status
 0A14:0186       emws_TOS
 0A14:0192       emws_version
 0000:9AD4       LDIV@
 0000:9ADD       LMOD@
 0000:9AD8       LUDIV@
 0000:9AE2       LUMOD@
 0000:9C11       LXLSH@
 0000:8EBA       LXMUL@
 0000:9C30       LXURSH@
 0000:9CB0       OVERFLOW@
 0000:9CBE       SCOPY@
 0000:01E2       _abort
 0A14:570E       _access_flags
 0A14:55D6       _ascii_cd_number
 0000:5C19       _ASCII_CD_Number
 0000:6019       _Ask_Label
 0000:5D40       _Ask_User_To_Insert_Disk
 0000:8A49       _atexit
 0000:9198       _atoi
 0000:9126       _atol
 0000:4E8C       _BadClustPreserve
 0000:5582       _BadClustPreserve12
 0000:5290       _BadClustPreserve16
 0000:4ED1       _BadClustPreserve32
 0A14:5710       _bad_sector_map
 0A14:5606       _bad_sector_map_pointer
 0A14:0194       _boot_code
 0A14:01BD       _boot_message
 0000:8C19       _brk
 0A14:5665       _bs_ext
 0A14:567F       _bs_start
 0000:91A6       _chdir
 0000:2E4E       _Check_For_Format
 0000:2D39       _Check_Remote_Subst
 0000:4E64       _check_too_bad
 0000:6C4F       _Clear_Huge_Sector_Buffer
 0000:0838       _Clear_Reserved_Sectors
 0000:6C7D       _Clear_Sector_Buffer
 0000:124A       _Compute_Interleave_Factor
 0000:1301       _Compute_Sector_Skew
 0000:5DD3       _Confirm_Hard_Drive_Formatting
 0000:91D7       _country
 0000:042B       _Create_Boot_Sect_Ext
 0000:03DF       _Create_Boot_Sect_Start
 0000:0227       _Create_File_System
 0000:054C       _Create_FS_Info_Sector
 0000:0936       _Create_Serial_Number
 0000:6137       _Critical_Error_Handler
 0A14:5608       _ddpt
 0000:174C       _ddptPrinter
 0A14:1A32       _debug_prog
 0000:65A5       _Display_Drive_Statistics
 0000:69C7       _Display_Help_Screen
 0000:694E       _Display_Invalid_Combination
 0000:6BCF       _Display_Percentage_Formatted
 0000:6EFF       _Drive_IO
 0A14:06DA       _drive_specs
 0A14:55E6       _drive_statistics
 0000:70D5       _Enable_Disk_Access
 0A14:0088       _environ
 0A14:0094       _errno
 0000:6CAB       _Exit
 0000:88DF       _exit
 0000:01FA       _E_memcpy
 0000:7244       _FAT32_AbsReadWrite
 0A14:55A4       _file_sys_info
 0000:96C8       _findfirst
 0000:96EA       _findnext
 0000:7468       _FloppyBootReadWrite
 0000:978E       _fnsplit
 0000:28D0       _Force_Drive_Recheck
 0000:139F       _Format_Floppy_Cylinder
 0000:90FF       _free
 0000:5802       _fstrlen
 0000:9908       _getcurdir
 0000:91BE       _getdisk
 0000:9925       _getenv
 0000:7529       _getopt
 0000:257F       _Get_Device_Parameters
 0000:069C       _Get_FS_Info
 0A14:4A7E       _huge_sector_buffer
 0A14:6B70       _huge_sector_buffer_0
 0A14:9570       _huge_sector_buffer_1
 0000:6C23       _IllegalArg
 0000:76A4       _Initialization
 0000:9986       _int86
 0000:99AD       _int86x
 0000:9A4B       _intdos
 0000:9A6F       _intdosx
 0000:8C39       _isatty
 0000:5FCB       _isLabelChar
 0000:7915       _Is_Even
 0000:8E4E       _itoa
 0000:696F       _Key_For_Next_Page
 0000:6CFC       _Lock_Unlock_Drive
 0A14:568A       _low_level
 0000:8DA4       _lseek
 0000:8E93       _ltoa
 0000:30AC       _main
 0000:8B4E       _malloc
 0000:9C4F       _memcmp
 0000:8F87       _memcpy
 0000:8FD0       _memset
 0000:3B9E       _MMapWrite
 0000:9C7C       _movedata
 0000:8276       _my_getch
 0000:8250       _my_kbhit
 0A14:BF70       _optarg
 0A14:4D24       _opterr
 0A14:4D22       _optind
 0A14:561C       _param
 0A14:6714       _parameter_block
 0A14:55C6       _partition_label
 0000:5959       _printf
 0000:7945       _Record_Bad_Clusters
 0000:798B       _Record_Bad_Clusters_FAT12
 0000:7CA1       _Record_Bad_Clusters_FAT16
 0000:7F64       _Record_Bad_Clusters_FAT32
 0A14:560C       _regs
 0000:1222       _RestoreDDPT
 0000:4846       _Restore_File_System
 0A14:55B8       _SavedDDPT
 0000:11F4       _SaveDDPT
 0000:3BFA       _Save_File_System
 0000:8C27       _sbrk
 0A14:55C3       _Sddpt
 0000:9F1A       _searchpath
 0A14:4A7A       _sector_buffer
 0A14:6770       _sector_buffer_0
 0A14:6970       _sector_buffer_1
 0000:9F2B       _segread
 0000:91C7       _setdisk
 0000:8FA8       _setmem
 0000:78BE       _Setup_DDPT
 0000:1884       _Set_Floppy_Media_Type
 0000:2978       _Set_Hard_Drive_Media_Parameters
 0000:9FF2       _spawnl
 0000:5987       _sprintf
 0A14:565D       _sregs
 0000:A032       _stpcpy
 0000:8ED3       _strcat
 0000:8F0F       _strchr
 0000:8F63       _strcpy
 0000:A059       _stricmp
 0000:8F46       _strlen
 0000:A09B       _strncmp
 0000:A0D4       _strncpy
 0000:72FD       _TE_AbsReadWrite
 0000:A102       _toupper
 0000:8E77       _ultoa
 0000:82BD       _Unconditional_Floppy_Format
 0000:829C       _Unconditional_Format
 0000:83E6       _Unconditional_Hard_Disk_Format
 0000:78F4       _unusable_wimp
 0000:8C4B       _write
 0000:0A61       _Write_Boot_Sectors
 0000:0C6D       _Write_FAT_Tables
 0000:0FFE       _Write_Root_Directory
 0000:3004       _Write_System_Files
 0A14:0096       __8087
 0A14:0084       __argc
 0A14:0086       __argv
 0A14:5262       __atexitcnt
 0A14:BF72       __atexittbl
 0A14:00A6       __brklvl
 0A14:5264       __ctype
 0000:91F1       __DOSCMD
 0000:92A1       __DOSENV
 0A14:51FC       __doserrno
 0A14:51FE       __dosErrorToSV
 0A14:008A       __envLng
 0A14:008C       __envseg
 0A14:008E       __envSize
 0000:94ED       __exec
 0000:0121       __exit
 0A14:5258       __exitbuf
 0A14:525A       __exitfopen
 0A14:525C       __exitopen
 0A14:00A2       __heapbase
 0A14:525E       __heaplen
 0A14:00AA       __heaptop
 0A14:0074       __Int0Vector
 0A14:0078       __Int4Vector
 0A14:007C       __Int5Vector
 0A14:0080       __Int6Vector
 0000:88A3       __IOERROR
 0000:9B77       __LoadProg
 0000:8DCF       __LONGTOA
 0A14:5366       __openfd
 0A14:0092       __osmajor
 0A14:0093       __osminor
 0A14:0090       __psp
 0A14:53A4       __RealCvtVector
 0000:01A5       __restorezero
 0A14:53A4       __ScanTodVector
 0000:9DB1       __SEARCHPATH
 0000:8914       __setargv
 0000:89FF       __setenvp
 0000:9F44       __spawn
 0A14:0098       __StartTime
 0A14:5260       __stklen
 0A14:0092       __version
 0000:8D5E       __write
 0000:8BC1       ___brk
 0A14:009E       ___brklvl
 0A14:BFB6       ___first
 0A14:009C       ___heapbase
 0A14:00A0       ___heaptop
 0A14:BFB2       ___last
 0000:8A6F       ___pull_free_block
 0A14:BFB4       ___rover
 0000:8BE5       ___sbrk

  Address         Publics by Value

 0000:0121       __exit
 0000:01A5       __restorezero
 0000:01E2       _abort
 0000:01F8       DGROUP@
 0000:01FA       _E_memcpy
 0000:0227       _Create_File_System
 0000:03DF       _Create_Boot_Sect_Start
 0000:042B       _Create_Boot_Sect_Ext
 0000:054C       _Create_FS_Info_Sector
 0000:069C       _Get_FS_Info
 0000:0838       _Clear_Reserved_Sectors
 0000:0936       _Create_Serial_Number
 0000:0A61       _Write_Boot_Sectors
 0000:0C6D       _Write_FAT_Tables
 0000:0FFE       _Write_Root_Directory
 0000:11F4       _SaveDDPT
 0000:1222       _RestoreDDPT
 0000:124A       _Compute_Interleave_Factor
 0000:1301       _Compute_Sector_Skew
 0000:139F       _Format_Floppy_Cylinder
 0000:174C       _ddptPrinter
 0000:1884       _Set_Floppy_Media_Type
 0000:257F       _Get_Device_Parameters
 0000:28D0       _Force_Drive_Recheck
 0000:2978       _Set_Hard_Drive_Media_Parameters
 0000:2D39       _Check_Remote_Subst
 0000:2E4E       _Check_For_Format
 0000:3004       _Write_System_Files
 0000:30AC       _main
 0000:3B9E       _MMapWrite
 0000:3BFA       _Save_File_System
 0000:4846       _Restore_File_System
 0000:4E64       _check_too_bad
 0000:4E8C       _BadClustPreserve
 0000:4ED1       _BadClustPreserve32
 0000:5290       _BadClustPreserve16
 0000:5582       _BadClustPreserve12
 0000:5802       _fstrlen
 0000:5959       _printf
 0000:5987       _sprintf
 0000:5C19       _ASCII_CD_Number
 0000:5D40       _Ask_User_To_Insert_Disk
 0000:5DD3       _Confirm_Hard_Drive_Formatting
 0000:5FCB       _isLabelChar
 0000:6019       _Ask_Label
 0000:6137       _Critical_Error_Handler
 0000:65A5       _Display_Drive_Statistics
 0000:694E       _Display_Invalid_Combination
 0000:696F       _Key_For_Next_Page
 0000:69C7       _Display_Help_Screen
 0000:6BCF       _Display_Percentage_Formatted
 0000:6C23       _IllegalArg
 0000:6C4F       _Clear_Huge_Sector_Buffer
 0000:6C7D       _Clear_Sector_Buffer
 0000:6CAB       _Exit
 0000:6CFC       _Lock_Unlock_Drive
 0000:6EFF       _Drive_IO
 0000:70D5       _Enable_Disk_Access
 0000:7244       _FAT32_AbsReadWrite
 0000:72FD       _TE_AbsReadWrite
 0000:7468       _FloppyBootReadWrite
 0000:7529       _getopt
 0000:76A4       _Initialization
 0000:78BE       _Setup_DDPT
 0000:78F4       _unusable_wimp
 0000:7915       _Is_Even
 0000:7945       _Record_Bad_Clusters
 0000:798B       _Record_Bad_Clusters_FAT12
 0000:7CA1       _Record_Bad_Clusters_FAT16
 0000:7F64       _Record_Bad_Clusters_FAT32
 0000:8250       _my_kbhit
 0000:8276       _my_getch
 0000:829C       _Unconditional_Format
 0000:82BD       _Unconditional_Floppy_Format
 0000:83E6       _Unconditional_Hard_Disk_Format
 0000:88A3       __IOERROR
 0000:88DF       _exit
 0000:8914       __setargv
 0000:89FF       __setenvp
 0000:8A49       _atexit
 0000:8A6F       ___pull_free_block
 0000:8B4E       _malloc
 0000:8BC1       ___brk
 0000:8BE5       ___sbrk
 0000:8C19       _brk
 0000:8C27       _sbrk
 0000:8C39       _isatty
 0000:8C4B       _write
 0000:8D5E       __write
 0000:8DA4       _lseek
 0000:8DCF       __LONGTOA
 0000:8E4E       _itoa
 0000:8E77       _ultoa
 0000:8E93       _ltoa
 0000:8EBA       LXMUL@
 0000:8ED3       _strcat
 0000:8F0F       _strchr
 0000:8F46       _strlen
 0000:8F63       _strcpy
 0000:8F87       _memcpy
 0000:8FA8       _setmem
 0000:8FD0       _memset
 0000:90FF       _free
 0000:9126       _atol
 0000:9198       _atoi
 0000:91A6       _chdir
 0000:91BE       _getdisk
 0000:91C7       _setdisk
 0000:91D7       _country
 0000:91F1       __DOSCMD
 0000:92A1       __DOSENV
 0000:94ED       __exec
 0000:96C8       _findfirst
 0000:96EA       _findnext
 0000:978E       _fnsplit
 0000:9908       _getcurdir
 0000:9925       _getenv
 0000:9986       _int86
 0000:99AD       _int86x
 0000:9A4B       _intdos
 0000:9A6F       _intdosx
 0000:9AD4       LDIV@
 0000:9AD8       LUDIV@
 0000:9ADD       LMOD@
 0000:9AE2       LUMOD@
 0000:9B77       __LoadProg
 0000:9C11       LXLSH@
 0000:9C30       LXURSH@
 0000:9C4F       _memcmp
 0000:9C7C       _movedata
 0000:9CB0       OVERFLOW@
 0000:9CBE       SCOPY@
 0000:9DB1       __SEARCHPATH
 0000:9F1A       _searchpath
 0000:9F2B       _segread
 0000:9F44       __spawn
 0000:9FF2       _spawnl
 0000:A032       _stpcpy
 0000:A059       _stricmp
 0000:A09B       _strncmp
 0000:A0D4       _strncpy
 0000:A102       _toupper
 0A14:0074       __Int0Vector
 0A14:0078       __Int4Vector
 0A14:007C       __Int5Vector
 0A14:0080       __Int6Vector
 0A14:0084       __argc
 0A14:0086       __argv
 0A14:0088       _environ
 0A14:008A       __envLng
 0A14:008C       __envseg
 0A14:008E       __envSize
 0A14:0090       __psp
 0A14:0092       __version
 0A14:0092       __osmajor
 0A14:0093       __osminor
 0A14:0094       _errno
 0A14:0096       __8087
 0A14:0098       __StartTime
 0A14:009C       ___heapbase
 0A14:009E       ___brklvl
 0A14:00A0       ___heaptop
 0A14:00A2       __heapbase
 0A14:00A6       __brklvl
 0A14:00AA       __heaptop
 0A14:00AE       emws_limitSP
 0A14:016E       emws_initialSP
 0A14:017A       emws_saveVector
 0A14:017E       emws_nmiVector
 0A14:0182       emws_status
 0A14:0184       emws_control
 0A14:0186       emws_TOS
 0A14:0188       emws_adjust
 0A14:018A       emws_fixSeg
 0A14:018C       emws_BPsafe
 0A14:018E       emws_stamp
 0A14:0192       emws_version
 0A14:0194       _boot_code
 0A14:01BD       _boot_message
 0A14:06DA       _drive_specs
 0A14:1A32       _debug_prog
 0A14:4A7A       _sector_buffer
 0A14:4A7E       _huge_sector_buffer
 0A14:4D22       _optind
 0A14:4D24       _opterr
 0A14:51FC       __doserrno
 0A14:51FE       __dosErrorToSV
 0A14:5258       __exitbuf
 0A14:525A       __exitfopen
 0A14:525C       __exitopen
 0A14:525E       __heaplen
 0A14:5260       __stklen
 0A14:5262       __atexitcnt
 0A14:5264       __ctype
 0A14:5366       __openfd
 0A14:53A4       __ScanTodVector
 0A14:53A4       __RealCvtVector
 0A14:55A4       _file_sys_info
 0A14:55B8       _SavedDDPT
 0A14:55C3       _Sddpt
 0A14:55C6       _partition_label
 0A14:55D6       _ascii_cd_number
 0A14:55E6       _drive_statistics
 0A14:5606       _bad_sector_map_pointer
 0A14:5608       _ddpt
 0A14:560C       _regs
 0A14:561C       _param
 0A14:565D       _sregs
 0A14:5665       _bs_ext
 0A14:567F       _bs_start
 0A14:568A       _low_level
 0A14:570E       _access_flags
 0A14:5710       _bad_sector_map
 0A14:6714       _parameter_block
 0A14:6770       _sector_buffer_0
 0A14:6970       _sector_buffer_1
 0A14:6B70       _huge_sector_buffer_0
 0A14:9570       _huge_sector_buffer_1
 0A14:BF70       _optarg
 0A14:BF72       __atexittbl
 0A14:BFB2       ___last
 0A14:BFB4       ___rover
 0A14:BFB6       ___first

Program entry point at 0000:0000

